Component: ARM Compiler 5.06 update 5 (build 528) Tool: armlink [4d35e2]

==============================================================================

Section Cross References

    startup_stm32f103xe.o(STACK) refers (Special) to heapauxi.o(.text) for __use_two_region_memory
    startup_stm32f103xe.o(HEAP) refers (Special) to heapauxi.o(.text) for __use_two_region_memory
    startup_stm32f103xe.o(RESET) refers (Special) to heapauxi.o(.text) for __use_two_region_memory
    startup_stm32f103xe.o(RESET) refers to startup_stm32f103xe.o(STACK) for __initial_sp
    startup_stm32f103xe.o(RESET) refers to startup_stm32f103xe.o(.text) for Reset_Handler
    startup_stm32f103xe.o(RESET) refers to stm32f1xx_it.o(i.NMI_Handler) for NMI_Handler
    startup_stm32f103xe.o(RESET) refers to stm32f1xx_it.o(i.HardFault_Handler) for HardFault_Handler
    startup_stm32f103xe.o(RESET) refers to stm32f1xx_it.o(i.MemManage_Handler) for MemManage_Handler
    startup_stm32f103xe.o(RESET) refers to stm32f1xx_it.o(i.BusFault_Handler) for BusFault_Handler
    startup_stm32f103xe.o(RESET) refers to stm32f1xx_it.o(i.UsageFault_Handler) for UsageFault_Handler
    startup_stm32f103xe.o(RESET) refers to stm32f1xx_it.o(i.SVC_Handler) for SVC_Handler
    startup_stm32f103xe.o(RESET) refers to stm32f1xx_it.o(i.DebugMon_Handler) for DebugMon_Handler
    startup_stm32f103xe.o(RESET) refers to usart.o(i.USART1_IRQHandler) for USART1_IRQHandler
    startup_stm32f103xe.o(.text) refers (Special) to heapauxi.o(.text) for __use_two_region_memory
    startup_stm32f103xe.o(.text) refers to system_stm32f1xx.o(i.SystemInit) for SystemInit
    startup_stm32f103xe.o(.text) refers to __main.o(!!!main) for __main
    startup_stm32f103xe.o(.text) refers to startup_stm32f103xe.o(HEAP) for Heap_Mem
    startup_stm32f103xe.o(.text) refers to startup_stm32f103xe.o(STACK) for Stack_Mem
    main.o(i.main) refers to stm32f1xx_hal.o(i.HAL_Init) for HAL_Init
    main.o(i.main) refers to sys.o(i.sys_stm32_clock_init) for sys_stm32_clock_init
    main.o(i.main) refers to delay.o(i.delay_init) for delay_init
    main.o(i.main) refers to usart.o(i.usart_init) for usart_init
    main.o(i.main) refers to led.o(i.led_init) for led_init
    main.o(i.main) refers to lcd.o(i.lcd_init) for lcd_init
    main.o(i.main) refers to key.o(i.key_init) for key_init
    main.o(i.main) refers to sram.o(i.sram_init) for sram_init
    main.o(i.main) refers to malloc.o(i.my_mem_init) for my_mem_init
    main.o(i.main) refers to ch395.o(i.ch395_hardware_init) for ch395_hardware_init
    main.o(i.main) refers to ch395_demo.o(i.ch395_demo) for ch395_demo
    system_stm32f1xx.o(i.SystemCoreClockUpdate) refers to system_stm32f1xx.o(.data) for SystemCoreClock
    system_stm32f1xx.o(i.SystemCoreClockUpdate) refers to system_stm32f1xx.o(.constdata) for AHBPrescTable
    ch395_demo.o(i.ch395_demo) refers to _printf_percent.o(.ARM.Collect$$_printf_percent$$00000000) for _printf_percent
    ch395_demo.o(i.ch395_demo) refers to _printf_f.o(.ARM.Collect$$_printf_percent$$00000003) for _printf_f
    ch395_demo.o(i.ch395_demo) refers to printf1.o(x$fpl$printf1) for _printf_fp_dec
    ch395_demo.o(i.ch395_demo) refers to _printf_d.o(.ARM.Collect$$_printf_percent$$00000009) for _printf_d
    ch395_demo.o(i.ch395_demo) refers to _printf_dec.o(.text) for _printf_int_dec
    ch395_demo.o(i.ch395_demo) refers to _printf_s.o(.ARM.Collect$$_printf_percent$$00000014) for _printf_s
    ch395_demo.o(i.ch395_demo) refers to _printf_str.o(.text) for _printf_str
    ch395_demo.o(i.ch395_demo) refers to ch395_demo.o(i.ch395_show_mesg) for ch395_show_mesg
    ch395_demo.o(i.ch395_demo) refers to ch395_demo.o(i.ch395q_mqtt_confing) for ch395q_mqtt_confing
    ch395_demo.o(i.ch395_demo) refers to ch395.o(i.ch395q_handler) for ch395q_handler
    ch395_demo.o(i.ch395_demo) refers to ch395.o(i.ch395q_socket_config) for ch395q_socket_config
    ch395_demo.o(i.ch395_demo) refers to rt_memclr_w.o(.text) for __aeabi_memclr4
    ch395_demo.o(i.ch395_demo) refers to rt_memclr.o(.text) for __aeabi_memclr
    ch395_demo.o(i.ch395_demo) refers to strcpy.o(.text) for strcpy
    ch395_demo.o(i.ch395_demo) refers to token.o(i.onenet_authorization) for onenet_authorization
    ch395_demo.o(i.ch395_demo) refers to rand.o(.emb_text) for rand
    ch395_demo.o(i.ch395_demo) refers to fflt_clz.o(x$fpl$fflt) for __aeabi_i2f
    ch395_demo.o(i.ch395_demo) refers to dflt_clz.o(x$fpl$dflt) for __aeabi_i2d
    ch395_demo.o(i.ch395_demo) refers to daddsub_clz.o(x$fpl$dadd) for __aeabi_dadd
    ch395_demo.o(i.ch395_demo) refers to d2f.o(x$fpl$d2f) for __aeabi_d2f
    ch395_demo.o(i.ch395_demo) refers to f2d.o(x$fpl$f2d) for __aeabi_f2d
    ch395_demo.o(i.ch395_demo) refers to __2sprintf.o(.text) for __2sprintf
    ch395_demo.o(i.ch395_demo) refers to strlen.o(.text) for strlen
    ch395_demo.o(i.ch395_demo) refers to mqttserializepublish.o(i.MQTTSerialize_publish) for MQTTSerialize_publish
[...]
    __Vectors_End                            0x08000130   Data           0  startup_stm32f103xe.o(RESET)
    __main                                   0x08000131   Thumb Code     8  __main.o(!!!main)
    __scatterload                            0x08000139   Thumb Code     0  __scatter.o(!!!scatter)
    __scatterload_rt2                        0x08000139   Thumb Code    44  __scatter.o(!!!scatter)
    __scatterload_rt2_thumb_only             0x08000139   Thumb Code     0  __scatter.o(!!!scatter)
    __scatterload_null                       0x08000147   Thumb Code     0  __scatter.o(!!!scatter)
    __scatterload_copy                       0x0800016d   Thumb Code    26  __scatter_copy.o(!!handler_copy)
    __scatterload_zeroinit                   0x08000189   Thumb Code    28  __scatter_zi.o(!!handler_zi)
    _printf_f                                0x080001a5   Thumb Code     0  _printf_f.o(.ARM.Collect$$_printf_percent$$00000003)
    _printf_percent                          0x080001a5   Thumb Code     0  _printf_percent.o(.ARM.Collect$$_printf_percent$$00000000)
    _printf_d                                0x080001ab   Thumb Code     0  _printf_d.o(.ARM.Collect$$_printf_percent$$00000009)
    _printf_x                                0x080001b1   Thumb Code     0  _printf_x.o(.ARM.Collect$$_printf_percent$$0000000C)
    _printf_s                                0x080001b7   Thumb Code     0  _printf_s.o(.ARM.Collect$$_printf_percent$$00000014)
    _printf_percent_end                      0x080001bd   Thumb Code     0  _printf_percent_end.o(.ARM.Collect$$_printf_percent$$00000017)
    __rt_lib_init                            0x080001c1   Thumb Code     0  libinit.o(.ARM.Collect$$libinit$$00000000)
    __rt_lib_init_fp_1                       0x080001c3   Thumb Code     0  libinit2.o(.ARM.Collect$$libinit$$00000002)
    __rt_lib_init_heap_1                     0x080001c3   Thumb Code     0  libinit2.o(.ARM.Collect$$libinit$$0000000A)
    __rt_lib_init_preinit_1                  0x080001c3   Thumb Code     0  libinit2.o(.ARM.Collect$$libinit$$00000004)
    __rt_lib_init_rand_2                     0x080001c3   Thumb Code     0  libinit2.o(.ARM.Collect$$libinit$$0000000D)
    __rt_lib_init_user_alloc_1               0x080001c3   Thumb Code     0  libinit2.o(.ARM.Collect$$libinit$$0000000C)
    __rt_lib_init_lc_common                  0x080001c7   Thumb Code     0  libinit2.o(.ARM.Collect$$libinit$$0000000F)
    __rt_lib_init_rand_1                     0x080001c7   Thumb Code     0  libinit2.o(.ARM.Collect$$libinit$$0000000E)
    __rt_lib_init_lc_collate_1               0x080001cd   Thumb Code     0  libinit2.o(.ARM.Collect$$libinit$$00000011)
    __rt_lib_init_lc_ctype_1                 0x080001cd   Thumb Code     0  libinit2.o(.ARM.Collect$$libinit$$00000013)
    __rt_lib_init_lc_monetary_1              0x080001cd   Thumb Code     0  libinit2.o(.ARM.Collect$$libinit$$00000015)
    __rt_lib_init_lc_numeric_2               0x080001cd   Thumb Code     0  libinit2.o(.ARM.Collect$$libinit$$00000016)
    __rt_lib_init_alloca_1                   0x080001d7   Thumb Code     0  libinit2.o(.ARM.Collect$$libinit$$0000002E)
    __rt_lib_init_argv_1                     0x080001d7   Thumb Code     0  libinit2.o(.ARM.Collect$$libinit$$0000002C)
    __rt_lib_init_atexit_1                   0x080001d7   Thumb Code     0  libinit2.o(.ARM.Collect$$libinit$$0000001B)
    __rt_lib_init_clock_1                    0x080001d7   Thumb Code     0  libinit2.o(.ARM.Collect$$libinit$$00000021)
    __rt_lib_init_cpp_1                      0x080001d7   Thumb Code     0  libinit2.o(.ARM.Collect$$libinit$$00000032)
    __rt_lib_init_exceptions_1               0x080001d7   Thumb Code     0  libinit2.o(.ARM.Collect$$libinit$$00000030)
    __rt_lib_init_fp_trap_1                  0x080001d7   Thumb Code     0  libinit2.o(.ARM.Collect$$libinit$$0000001F)
    __rt_lib_init_getenv_1                   0x080001d7   Thumb Code     0  libinit2.o(.ARM.Collect$$libinit$$00000023)
    __rt_lib_init_lc_numeric_1               0x080001d7   Thumb Code     0  libinit2.o(.ARM.Collect$$libinit$$00000017)
    __rt_lib_init_lc_time_1                  0x080001d7   Thumb Code     0  libinit2.o(.ARM.Collect$$libinit$$00000019)
    __rt_lib_init_return                     0x080001d7   Thumb Code     0  libinit2.o(.ARM.Collect$$libinit$$00000033)
    __rt_lib_init_signal_1                   0x080001d7   Thumb Code     0  libinit2.o(.ARM.Collect$$libinit$$0000001D)
    __rt_lib_init_stdio_1                    0x080001d7   Thumb Code     0  libinit2.o(.ARM.Collect$$libinit$$00000025)
    __rt_lib_shutdown                        0x080001d9   Thumb Code     0  libshutdown.o(.ARM.Collect$$libshutdown$$00000000)
    __rt_lib_shutdown_cpp_1                  0x080001db   Thumb Code     0  libshutdown2.o(.ARM.Collect$$libshutdown$$00000002)
    __rt_lib_shutdown_fp_trap_1              0x080001db   Thumb Code     0  libshutdown2.o(.ARM.Collect$$libshutdown$$00000007)
    __rt_lib_shutdown_heap_1                 0x080001db   Thumb Code     0  libshutdown2.o(.ARM.Collect$$libshutdown$$0000000F)
    __rt_lib_shutdown_return                 0x080001db   Thumb Code     0  libshutdown2.o(.ARM.Collect$$libshutdown$$00000010)
    __rt_lib_shutdown_signal_1               0x080001db   Thumb Code     0  libshutdown2.o(.ARM.Collect$$libshutdown$$0000000A)
    __rt_lib_shutdown_stdio_1                0x080001db   Thumb Code     0  libshutdown2.o(.ARM.Collect$$libshutdown$$00000004)
    __rt_lib_shutdown_user_alloc_1           0x080001db   Thumb Code     0  libshutdown2.o(.ARM.Collect$$libshutdown$$0000000C)
    __rt_entry                               0x080001dd   Thumb Code     0  __rtentry.o(.ARM.Collect$$rtentry$$00000000)
    __rt_entry_presh_1                       0x080001dd   Thumb Code     0  __rtentry2.o(.ARM.Collect$$rtentry$$00000002)
    __rt_entry_sh                            0x080001dd   Thumb Code     0  __rtentry4.o(.ARM.Collect$$rtentry$$00000004)
    __rt_entry_li                            0x080001e3   Thumb Code     0  __rtentry2.o(.ARM.Collect$$rtentry$$0000000A)
    __rt_entry_postsh_1                      0x080001e3   Thumb Code     0  __rtentry2.o(.ARM.Collect$$rtentry$$00000009)
    __rt_entry_main                          0x080001e7   Thumb Code     0  __rtentry2.o(.ARM.Collect$$rtentry$$0000000D)
    __rt_entry_postli_1                      0x080001e7   Thumb Code     0  __rtentry2.o(.ARM.Collect$$rtentry$$0000000C)
    __rt_exit                                0x080001ef   Thumb Code     0  rtexit.o(.ARM.Collect$$rtexit$$00000000)
    __rt_exit_ls                             0x080001f1   Thumb Code     0  rtexit2.o(.ARM.Collect$$rtexit$$00000003)
    __rt_exit_prels_1                        0x080001f1   Thumb Code     0  rtexit2.o(.ARM.Collect$$rtexit$$00000002)
    __rt_exit_exit                           0x080001f5   Thumb Code     0  rtexit2.o(.ARM.Collect$$rtexit$$00000004)
    rand                                     0x080001fd   Thumb Code    48  rand.o(.emb_text)
    Reset_Handler                            0x08000231   Thumb Code     8  startup_stm32f103xe.o(.text)
    PendSV_Handler                           0x08000247   Thumb Code     2  startup_stm32f103xe.o(.text)
    SysTick_Handler                          0x08000249   Thumb Code     2  startup_stm32f103xe.o(.text)
    ADC1_2_IRQHandler                        0x0800024b   Thumb Code     0  startup_stm32f103xe.o(.text)
    ADC3_IRQHandler                          0x0800024b   Thumb Code     0  startup_stm32f103xe.o(.text)
    CAN1_RX1_IRQHandler                      0x0800024b   Thumb Code     0  startup_stm32f103xe.o(.text)
    CAN1_SCE_IRQHandler                      0x0800024b   Thumb Code     0  startup_stm32f103xe.o(.text)
    DMA1_Channel1_IRQHandler                 0x0800024b   Thumb Code     0  startup_stm32f103xe.o(.text)
    DMA1_Channel2_IRQHandler                 0x0800024b   Thumb Code     0  startup_stm32f103xe.o(.text)
    DMA1_Channel3_IRQHandler                 0x0800024b   Thumb Code     0  startup_stm32f103xe.o(.text)
    DMA1_Channel4_IRQHandler                 0x0800024b   Thumb Code     0  startup_stm32f103xe.o(.text)
    DMA1_Channel5_IRQHandler                 0x0800024b   Thumb Code     0  startup_stm32f103xe.o(.text)
    DMA1_Channel6_IRQHandler                 0x0800024b   Thumb Code     0  startup_stm32f103xe.o(.text)
    DMA1_Channel7_IRQHandler                 0x0800024b   Thumb Code     0  startup_stm32f103xe.o(.text)
    DMA2_Channel1_IRQHandler                 0x0800024b   Thumb Code     0  startup_stm32f103xe.o(.text)
    DMA2_Channel2_IRQHandler                 0x0800024b   Thumb Code     0  startup_stm32f103xe.o(.text)
    DMA2_Channel3_IRQHandler                 0x0800024b   Thumb Code     0  startup_stm32f103xe.o(.text)
    DMA2_Channel4_5_IRQHandler               0x0800024b   Thumb Code     0  startup_stm32f103xe.o(.text)
    EXTI0_IRQHandler                         0x0800024b   Thumb Code     0  startup_stm32f103xe.o(.text)
    EXTI15_10_IRQHandler                     0x0800024b   Thumb Code     0  startup_stm32f103xe.o(.text)
    EXTI1_IRQHandler                         0x0800024b   Thumb Code     0  startup_stm32f103xe.o(.text)
    EXTI2_IRQHandler                         0x0800024b   Thumb Code     0  startup_stm32f103xe.o(.text)
    EXTI3_IRQHandler                         0x0800024b   Thumb Code     0  startup_stm32f103xe.o(.text)
    EXTI4_IRQHandler                         0x0800024b   Thumb Code     0  startup_stm32f103xe.o(.text)
    EXTI9_5_IRQHandler                       0x0800024b   Thumb Code     0  startup_stm32f103xe.o(.text)
    FLASH_IRQHandler                         0x0800024b   Thumb Code     0  startup_stm32f103xe.o(.text)
    FSMC_IRQHandler                          0x0800024b   Thumb Code     0  startup_stm32f103xe.o(.text)
    I2C1_ER_IRQHandler                       0x0800024b   Thumb Code     0  startup_stm32f103xe.o(.text)
    I2C1_EV_IRQHandler                       0x0800024b   Thumb Code     0  startup_stm32f103xe.o(.text)
    I2C2_ER_IRQHandler                       0x0800024b   Thumb Code     0  startup_stm32f103xe.o(.text)
    I2C2_EV_IRQHandler                       0x0800024b   Thumb Code     0  startup_stm32f103xe.o(.text)
    PVD_IRQHandler                           0x0800024b   Thumb Code     0  startup_stm32f103xe.o(.text)
    RCC_IRQHandler                           0x0800024b   Thumb Code     0  startup_stm32f103xe.o(.text)
    RTC_Alarm_IRQHandler                     0x0800024b   Thumb Code     0  startup_stm32f103xe.o(.text)
    RTC_IRQHandler                           0x0800024b   Thumb Code     0  startup_stm32f103xe.o(.text)
    SDIO_IRQHandler                          0x0800024b   Thumb Code     0  startup_stm32f103xe.o(.text)
    SPI1_IRQHandler                          0x0800024b   Thumb Code     0  startup_stm32f103xe.o(.text)
    SPI2_IRQHandler                          0x0800024b   Thumb Code     0  startup_stm32f103xe.o(.text)
    SPI3_IRQHandler                          0x0800024b   Thumb Code     0  startup_stm32f103xe.o(.text)
    TAMPER_IRQHandler                        0x0800024b   Thumb Code     0  startup_stm32f103xe.o(.text)
    TIM1_BRK_IRQHandler                      0x0800024b   Thumb Code     0  startup_stm32f103xe.o(.text)
    TIM1_CC_IRQHandler                       0x0800024b   Thumb Code     0  startup_stm32f103xe.o(.text)
    TIM1_TRG_COM_IRQHandler                  0x0800024b   Thumb Code     0  startup_stm32f103xe.o(.text)
    TIM1_UP_IRQHandler                       0x0800024b   Thumb Code     0  startup_stm32f103xe.o(.text)
    TIM2_IRQHandler                          0x0800024b   Thumb Code     0  startup_stm32f103xe.o(.text)
    TIM3_IRQHandler                          0x0800024b   Thumb Code     0  startup_stm32f103xe.o(.text)
    TIM4_IRQHandler                          0x0800024b   Thumb Code     0  startup_stm32f103xe.o(.text)
    TIM5_IRQHandler                          0x0800024b   Thumb Code     0  startup_stm32f103xe.o(.text)
    TIM6_IRQHandler                          0x0800024b   Thumb Code     0  startup_stm32f103xe.o(.text)
    TIM7_IRQHandler                          0x0800024b   Thumb Code     0  startup_stm32f103xe.o(.text)
    TIM8_BRK_IRQHandler                      0x0800024b   Thumb Code     0  startup_stm32f103xe.o(.text)
    TIM8_CC_IRQHandler                       0x0800024b   Thumb Code     0  startup_stm32f103xe.o(.text)
    TIM8_TRG_COM_IRQHandler                  0x0800024b   Thumb Code     0  startup_stm32f103xe.o(.text)
    TIM8_UP_IRQHandler                       0x0800024b   Thumb Code     0  startup_stm32f103xe.o(.text)
    UART4_IRQHandler                         0x0800024b   Thumb Code     0  startup_stm32f103xe.o(.text)
    UART5_IRQHandler                         0x0800024b   Thumb Code     0  startup_stm32f103xe.o(.text)
    USART2_IRQHandler                        0x0800024b   Thumb Code     0  startup_stm32f103xe.o(.text)
    USART3_IRQHandler                        0x0800024b   Thumb Code     0  startup_stm32f103xe.o(.text)
    USBWakeUp_IRQHandler                     0x0800024b   Thumb Code     0  startup_stm32f103xe.o(.text)
    USB_HP_CAN1_TX_IRQHandler                0x0800024b   Thumb Code     0  startup_stm32f103xe.o(.text)
    USB_LP_CAN1_RX0_IRQHandler               0x0800024b   Thumb Code     0  startup_stm32f103xe.o(.text)
    WWDG_IRQHandler                          0x0800024b   Thumb Code     0  startup_stm32f103xe.o(.text)
    __user_initial_stackheap                 0x0800024d   Thumb Code     0  startup_stm32f103xe.o(.text)
    __use_no_semihosting                     0x08000271   Thumb Code     2  use_no_semi_2.o(.text)
    __2printf                                0x08000275   Thumb Code    20  __2printf.o(.text)
    __2sprintf                               0x0800028d   Thumb Code    38  __2sprintf.o(.text)
    __2snprintf                              0x080002b9   Thumb Code    50  __2snprintf.o(.text)
    _printf_pre_padding                      0x080002f1   Thumb Code    44  _printf_pad.o(.text)
    _printf_post_padding                     0x0800031d   Thumb Code    34  _printf_pad.o(.text)
    _printf_str                              0x0800033f   Thumb Code    82  _printf_str.o(.text)
    _printf_int_dec                          0x08000391   Thumb Code   104  _printf_dec.o(.text)
    _printf_int_hex                          0x08000409   Thumb Code    84  _printf_hex_int.o(.text)
    _printf_longlong_hex                     0x08000409   Thumb Code     0  _printf_hex_int.o(.text)
    __printf                                 0x08000461   Thumb Code   308  __printf_flags_wp.o(.text)
    srand                                    0x08000599   Thumb Code    42  rand.o(.text)
    _rand_init                               0x080005c3   Thumb Code     4  rand.o(.text)
    strcpy                                   0x080005d5   Thumb Code    72  strcpy.o(.text)
    strlen                                   0x0800061d   Thumb Code    62  strlen.o(.text)
    strcat                                   0x0800065b   Thumb Code    24  strcat.o(.text)
    __aeabi_memcpy                           0x08000673   Thumb Code     0  rt_memcpy_v6.o(.text)
    __rt_memcpy                              0x08000673   Thumb Code   138  rt_memcpy_v6.o(.text)
    _memcpy_lastbytes                        0x080006d9   Thumb Code     0  rt_memcpy_v6.o(.text)
    __aeabi_memcpy4                          0x080006fd   Thumb Code     0  rt_memcpy_w.o(.text)
    __aeabi_memcpy8                          0x080006fd   Thumb Code     0  rt_memcpy_w.o(.text)
    __rt_memcpy_w                            0x080006fd   Thumb Code   100  rt_memcpy_w.o(.text)
    _memcpy_lastbytes_aligned                0x08000745   Thumb Code     0  rt_memcpy_w.o(.text)
    __aeabi_memclr                           0x08000761   Thumb Code     0  rt_memclr.o(.text)
    __rt_memclr                              0x08000761   Thumb Code    68  rt_memclr.o(.text)
    _memset                                  0x08000765   Thumb Code     0  rt_memclr.o(.text)
    __aeabi_memclr4                          0x080007a5   Thumb Code     0  rt_memclr_w.o(.text)
    __aeabi_memclr8                          0x080007a5   Thumb Code     0  rt_memclr_w.o(.text)
    __rt_memclr_w                            0x080007a5   Thumb Code    78  rt_memclr_w.o(.text)
    _memset_w                                0x080007a9   Thumb Code     0  rt_memclr_w.o(.text)
    __use_two_region_memory                  0x080007f3   Thumb Code     2  heapauxi.o(.text)
    __rt_heap_escrow$2region                 0x080007f5   Thumb Code     2  heapauxi.o(.text)
    __rt_heap_expand$2region                 0x080007f7   Thumb Code     2  heapauxi.o(.text)
    __semihosting$guard                      0x080007f9   Thumb Code     0  use_no_semi.o(.text)
    __use_no_semihosting_swi                 0x080007f9   Thumb Code     2  use_no_semi.o(.text)
    _printf_int_common                       0x080007fb   Thumb Code   178  _printf_intcommon.o(.text)
    __lib_sel_fp_printf                      0x080008ad   Thumb Code     2  _printf_fp_dec.o(.text)
    _printf_fp_dec_real                      0x08000a5f   Thumb Code   620  _printf_fp_dec.o(.text)
    _printf_char_common                      0x08000cd7   Thumb Code    32  _printf_char_common.o(.text)
    _sputc                                   0x08000cfd   Thumb Code    10  _sputc.o(.text)
    _snputc                                  0x08000d07   Thumb Code    16  _snputc.o(.text)
    _printf_cs_common                        0x08000d17   Thumb Code    20  _printf_char.o(.text)
    _printf_char                             0x08000d2b   Thumb Code    16  _printf_char.o(.text)
    _printf_string                           0x08000d3b   Thumb Code     8  _printf_char.o(.text)
    _printf_char_file                        0x08000d45   Thumb Code    32  _printf_char_file.o(.text)
    __rt_locale                              0x08000d69   Thumb Code     8  rt_locale_intlibspace.o(.text)
    _ll_udiv10                               0x08000d71   Thumb Code   138  lludiv10.o(.text)
    _printf_fp_infnan                        0x08000dfd   Thumb Code   112  _printf_fp_infnan.o(.text)
    _btod_etento                             0x08000e7d   Thumb Code   224  bigflt0.o(.text)
    ferror                                   0x08000f61   Thumb Code     8  ferror.o(.text)
    __user_libspace                          0x08000f69   Thumb Code     8  libspace.o(.text)
    __user_perproc_libspace                  0x08000f69   Thumb Code     0  libspace.o(.text)
    __user_perthread_libspace                0x08000f69   Thumb Code     0  libspace.o(.text)
    __user_setup_stackheap                   0x08000f71   Thumb Code    74  sys_stackheap_outer.o(.text)
    exit                                     0x08000fbb   Thumb Code    18  exit.o(.text)
    strcmp                                   0x08000fcd   Thumb Code   128  strcmpv7m.o(.text)
    _btod_d2e                                0x0800104d   Thumb Code    62  btod.o(CL$$btod_d2e)
    _d2e_denorm_low                          0x0800108b   Thumb Code    70  btod.o(CL$$btod_d2e_denorm_low)
    _d2e_norm_op1                            0x080010d1   Thumb Code    96  btod.o(CL$$btod_d2e_norm_op1)
    __btod_div_common                        0x08001131   Thumb Code   696  btod.o(CL$$btod_div_common)
    _e2e                                     0x08001469   Thumb Code   220  btod.o(CL$$btod_e2e)
    _btod_ediv                               0x08001545   Thumb Code    42  btod.o(CL$$btod_ediv)
    _btod_emul                               0x0800156f   Thumb Code    42  btod.o(CL$$btod_emul)
    __btod_mult_common                       0x08001599   Thumb Code   580  btod.o(CL$$btod_mult_common)
    BASE64_Decode                            0x080017dd   Thumb Code   360  onenet_base64.o(i.BASE64_Decode)
    BASE64_Encode                            0x08001949   Thumb Code   320  onenet_base64.o(i.BASE64_Encode)
    BusFault_Handler                         0x08001a8d   Thumb Code     4  stm32f1xx_it.o(i.BusFault_Handler)
    DebugMon_Handler                         0x08001a91   Thumb Code     2  stm32f1xx_it.o(i.DebugMon_Handler)
    FSMC_NORSRAM_Extended_Timing_Init        0x08001a95   Thumb Code    62  stm32f1xx_ll_fsmc.o(i.FSMC_NORSRAM_Extended_Timing_Init)
    FSMC_NORSRAM_Init                        0x08001ad9   Thumb Code   116  stm32f1xx_ll_fsmc.o(i.FSMC_NORSRAM_Init)
    FSMC_NORSRAM_Timing_Init                 0x08001b51   Thumb Code    66  stm32f1xx_ll_fsmc.o(i.FSMC_NORSRAM_Timing_Init)
    HAL_DMA_Abort_IT                         0x08001b95   Thumb Code   414  stm32f1xx_hal_dma.o(i.HAL_DMA_Abort_IT)
    HAL_GPIO_Init                            0x08001d3d   Thumb Code   792  stm32f1xx_hal_gpio.o(i.HAL_GPIO_Init)
    HAL_GPIO_ReadPin                         0x0800207d   Thumb Code    16  stm32f1xx_hal_gpio.o(i.HAL_GPIO_ReadPin)
    HAL_GPIO_WritePin                        0x0800208d   Thumb Code    12  stm32f1xx_hal_gpio.o(i.HAL_GPIO_WritePin)
    HAL_GetTick                              0x08002099   Thumb Code     6  stm32f1xx_hal.o(i.HAL_GetTick)
    HAL_Init                                 0x080020a5   Thumb Code    34  stm32f1xx_hal.o(i.HAL_Init)
    HAL_InitTick                             0x080020cd   Thumb Code    64  stm32f1xx_hal.o(i.HAL_InitTick)
    HAL_MspInit                              0x08002119   Thumb Code     2  stm32f1xx_hal.o(i.HAL_MspInit)
    HAL_NVIC_EnableIRQ                       0x0800211b   Thumb Code    32  stm32f1xx_hal_cortex.o(i.HAL_NVIC_EnableIRQ)
    HAL_NVIC_SetPriority                     0x0800213b   Thumb Code   124  stm32f1xx_hal_cortex.o(i.HAL_NVIC_SetPriority)
    HAL_NVIC_SetPriorityGrouping             0x080021b9   Thumb Code    32  stm32f1xx_hal_cortex.o(i.HAL_NVIC_SetPriorityGrouping)
    HAL_RCC_ClockConfig                      0x080021e1   Thumb Code   376  stm32f1xx_hal_rcc.o(i.HAL_RCC_ClockConfig)
    HAL_RCC_GetHCLKFreq                      0x0800236d   Thumb Code     6  stm32f1xx_hal_rcc.o(i.HAL_RCC_GetHCLKFreq)
    HAL_RCC_GetPCLK1Freq                     0x08002379   Thumb Code    22  stm32f1xx_hal_rcc.o(i.HAL_RCC_GetPCLK1Freq)
    HAL_RCC_GetPCLK2Freq                     0x08002399   Thumb Code    22  stm32f1xx_hal_rcc.o(i.HAL_RCC_GetPCLK2Freq)
    HAL_RCC_GetSysClockFreq                  0x080023b9   Thumb Code   116  stm32f1xx_hal_rcc.o(i.HAL_RCC_GetSysClockFreq)
    HAL_RCC_OscConfig                        0x0800244d   Thumb Code  1114  stm32f1xx_hal_rcc.o(i.HAL_RCC_OscConfig)
    HAL_SPI_Init                             0x080028b1   Thumb Code   212  stm32f1xx_hal_spi.o(i.HAL_SPI_Init)
    HAL_SPI_MspInit                          0x08002985   Thumb Code   158  spi.o(i.HAL_SPI_MspInit)
    HAL_SPI_TransmitReceive                  0x08002a31   Thumb Code   750  stm32f1xx_hal_spi.o(i.HAL_SPI_TransmitReceive)
    HAL_SRAM_Init                            0x08002d1f   Thumb Code   102  stm32f1xx_hal_sram.o(i.HAL_SRAM_Init)
    HAL_SRAM_MspInit                         0x08002d85   Thumb Code   130  lcd.o(i.HAL_SRAM_MspInit)
    HAL_SYSTICK_CLKSourceConfig              0x08002e15   Thumb Code    40  stm32f1xx_hal_cortex.o(i.HAL_SYSTICK_CLKSourceConfig)
    HAL_SYSTICK_Config                       0x08002e3d   Thumb Code    52  stm32f1xx_hal_cortex.o(i.HAL_SYSTICK_Config)
    HAL_UART_ErrorCallback                   0x08002e71   Thumb Code     2  stm32f1xx_hal_uart.o(i.HAL_UART_ErrorCallback)
    HAL_UART_IRQHandler                      0x08002e75   Thumb Code   334  stm32f1xx_hal_uart.o(i.HAL_UART_IRQHandler)
    HAL_UART_Init                            0x08002fc9   Thumb Code   114  stm32f1xx_hal_uart.o(i.HAL_UART_Init)
    HAL_UART_MspInit                         0x0800303d   Thumb Code   168  usart.o(i.HAL_UART_MspInit)
    HAL_UART_Receive_IT                      0x080030f1   Thumb Code   112  stm32f1xx_hal_uart.o(i.HAL_UART_Receive_IT)
    HAL_UART_RxCpltCallback                  0x08003161   Thumb Code   134  usart.o(i.HAL_UART_RxCpltCallback)
    HAL_UART_TxCpltCallback                  0x080031fd   Thumb Code     2  stm32f1xx_hal_uart.o(i.HAL_UART_TxCpltCallback)
    HardFault_Handler                        0x080031ff   Thumb Code     4  stm32f1xx_it.o(i.HardFault_Handler)
    MQTTDeserialize_connack                  0x08003203   Thumb Code   118  mqttconnectclient.o(i.MQTTDeserialize_connack)
    MQTTDeserialize_publish                  0x08003279   Thumb Code   168  mqttdeserializepublish.o(i.MQTTDeserialize_publish)
    MQTTDeserialize_suback                   0x08003321   Thumb Code   146  mqttsubscribeclient.o(i.MQTTDeserialize_suback)
    MQTTPacket_decode                        0x080033b3   Thumb Code    88  mqttpacket.o(i.MQTTPacket_decode)
    MQTTPacket_decodeBuf                     0x0800340d   Thumb Code    20  mqttpacket.o(i.MQTTPacket_decodeBuf)
    MQTTPacket_encode                        0x08003429   Thumb Code    54  mqttpacket.o(i.MQTTPacket_encode)
    MQTTPacket_len                           0x08003461   Thumb Code    34  mqttpacket.o(i.MQTTPacket_len)
    MQTTPacket_read                          0x08003489   Thumb Code   102  mqttpacket.o(i.MQTTPacket_read)
    MQTTSerialize_connect                    0x080034f1   Thumb Code   342  mqttconnectclient.o(i.MQTTSerialize_connect)
    MQTTSerialize_connectLength              0x08003659   Thumb Code   118  mqttconnectclient.o(i.MQTTSerialize_connectLength)
    MQTTSerialize_publish                    0x080036cf   Thumb Code   176  mqttserializepublish.o(i.MQTTSerialize_publish)
    MQTTSerialize_publishLength              0x0800377f   Thumb Code    34  mqttserializepublish.o(i.MQTTSerialize_publishLength)
    MQTTSerialize_subscribe                  0x080037a1   Thumb Code   176  mqttsubscribeclient.o(i.MQTTSerialize_subscribe)
    MQTTSerialize_subscribeLength            0x08003851   Thumb Code    46  mqttsubscribeclient.o(i.MQTTSerialize_subscribeLength)
    MQTTstrlen                               0x0800387f   Thumb Code    24  mqttpacket.o(i.MQTTstrlen)
    MemManage_Handler                        0x08003897   Thumb Code     4  stm32f1xx_it.o(i.MemManage_Handler)
    NMI_Handler                              0x0800389b   Thumb Code     2  stm32f1xx_it.o(i.NMI_Handler)
    SPI_ISCRCErrorValid                      0x080038ed   Thumb Code     6  stm32f1xx_hal_spi.o(i.SPI_ISCRCErrorValid)
    SVC_Handler                              0x080039cd   Thumb Code     2  stm32f1xx_it.o(i.SVC_Handler)
    SystemInit                               0x080039cf   Thumb Code     2  system_stm32f1xx.o(i.SystemInit)
    USART1_IRQHandler                        0x08003c21   Thumb Code    10  usart.o(i.USART1_IRQHandler)
    UsageFault_Handler                       0x08003c31   Thumb Code     4  stm32f1xx_it.o(i.UsageFault_Handler)
    __ARM_fpclassify                         0x08003c35   Thumb Code    40  fpclassify.o(i.__ARM_fpclassify)
    _is_digit                                0x08003c95   Thumb Code    14  __printf_wp.o(i._is_digit)
    _sys_exit                                0x08003ca3   Thumb Code     4  usart.o(i._sys_exit)
    bufchar                                  0x08003ca9   Thumb Code    36  mqttpacket.o(i.bufchar)
    ch395_close_socket                       0x08003cd1   Thumb Code    72  ch395cmd.o(i.ch395_close_socket)
    ch395_cmd_check_exist                    0x08003d1d   Thumb Code    36  ch395cmd.o(i.ch395_cmd_check_exist)
    ch395_cmd_get_glob_int_status_all        0x08003d45   Thumb Code    44  ch395cmd.o(i.ch395_cmd_get_glob_int_status_all)
    ch395_cmd_get_phy_status                 0x08003d75   Thumb Code    28  ch395cmd.o(i.ch395_cmd_get_phy_status)
    ch395_cmd_get_unreachippt                0x08003d95   Thumb Code    42  ch395cmd.o(i.ch395_cmd_get_unreachippt)
    ch395_cmd_get_ver                        0x08003dc5   Thumb Code    28  ch395cmd.o(i.ch395_cmd_get_ver)
    ch395_cmd_init                           0x08003de5   Thumb Code    64  ch395cmd.o(i.ch395_cmd_init)
    ch395_cmd_reset                          0x08003e29   Thumb Code    20  ch395cmd.o(i.ch395_cmd_reset)
    ch395_cmd_set_gw_ipaddr                  0x08003e41   Thumb Code    42  ch395cmd.o(i.ch395_cmd_set_gw_ipaddr)
    ch395_cmd_set_ipaddr                     0x08003e71   Thumb Code    42  ch395cmd.o(i.ch395_cmd_set_ipaddr)
    ch395_cmd_set_macaddr                    0x08003ea1   Thumb Code    48  ch395cmd.o(i.ch395_cmd_set_macaddr)
    ch395_cmd_set_maskaddr                   0x08003ed5   Thumb Code    42  ch395cmd.o(i.ch395_cmd_set_maskaddr)
    ch395_demo                               0x08003f05   Thumb Code   918  ch395_demo.o(i.ch395_demo)
    ch395_dhcp_enable                        0x080044a1   Thumb Code    70  ch395cmd.o(i.ch395_dhcp_enable)
    ch395_error                              0x080044ed   Thumb Code    32  ch395.o(i.ch395_error)
    ch395_get_cmd_status                     0x0800451d   Thumb Code    28  ch395cmd.o(i.ch395_get_cmd_status)
    ch395_get_dhcp_status                    0x0800453d   Thumb Code    28  ch395cmd.o(i.ch395_get_dhcp_status)
    ch395_get_ipinf                          0x0800455d   Thumb Code    42  ch395cmd.o(i.ch395_get_ipinf)
    ch395_get_recv_data                      0x0800458d   Thumb Code    80  ch395cmd.o(i.ch395_get_recv_data)
    ch395_get_recv_length                    0x080045e1   Thumb Code    46  ch395cmd.o(i.ch395_get_recv_length)
    ch395_get_socket_int                     0x08004615   Thumb Code    42  ch395cmd.o(i.ch395_get_socket_int)
    ch395_gpio_init                          0x08004645   Thumb Code   182  ch395.o(i.ch395_gpio_init)
    ch395_hardware_init                      0x08004709   Thumb Code   156  ch395.o(i.ch395_hardware_init)
    ch395_interrupt_handler                  0x080047c9   Thumb Code   306  ch395.o(i.ch395_interrupt_handler)
    ch395_keeplive_cnt                       0x080049c1   Thumb Code    18  ch395cmd.o(i.ch395_keeplive_cnt)
    ch395_keeplive_idle                      0x080049d3   Thumb Code    40  ch395cmd.o(i.ch395_keeplive_idle)
    ch395_keeplive_intvl                     0x080049fb   Thumb Code    40  ch395cmd.o(i.ch395_keeplive_intvl)
    ch395_keeplive_set                       0x08004a23   Thumb Code    26  ch395.o(i.ch395_keeplive_set)
    ch395_open_socket                        0x08004a3d   Thumb Code    72  ch395cmd.o(i.ch395_open_socket)
    ch395_phy_status                         0x08004a89   Thumb Code    90  ch395.o(i.ch395_phy_status)
    ch395_read_data                          0x08004b41   Thumb Code    14  ch395.o(i.ch395_read_data)
    ch395_read_write_byte                    0x08004b4f   Thumb Code    16  ch395.o(i.ch395_read_write_byte)
    ch395_reconnection                       0x08004b61   Thumb Code   612  ch395.o(i.ch395_reconnection)
    ch395_send_data                          0x08004dcd   Thumb Code    68  ch395cmd.o(i.ch395_send_data)
    ch395_set_keeplive                       0x08004e15   Thumb Code    26  ch395cmd.o(i.ch395_set_keeplive)
    ch395_set_socket_desip                   0x08004e31   Thumb Code    62  ch395cmd.o(i.ch395_set_socket_desip)
    ch395_set_socket_desport                 0x08004e75   Thumb Code    42  ch395cmd.o(i.ch395_set_socket_desport)
    ch395_set_socket_prot_type               0x08004ea5   Thumb Code    36  ch395cmd.o(i.ch395_set_socket_prot_type)
    ch395_set_socket_recv_buf                0x08004ecd   Thumb Code    34  ch395cmd.o(i.ch395_set_socket_recv_buf)
    ch395_set_socket_send_buf                0x08004eef   Thumb Code    34  ch395cmd.o(i.ch395_set_socket_send_buf)
    ch395_set_socket_sourport                0x08004f11   Thumb Code    42  ch395cmd.o(i.ch395_set_socket_sourport)
    ch395_setttl_num                         0x08004f41   Thumb Code    26  ch395cmd.o(i.ch395_setttl_num)
    ch395_show_mesg                          0x08004f5d   Thumb Code   124  ch395_demo.o(i.ch395_show_mesg)
    ch395_socket_interrupt                   0x08005051   Thumb Code   438  ch395.o(i.ch395_socket_interrupt)
    ch395_socket_r_s_buf_modify              0x08005211   Thumb Code   164  ch395.o(i.ch395_socket_r_s_buf_modify)
    ch395_tcp_connect                        0x080052b5   Thumb Code    72  ch395cmd.o(i.ch395_tcp_connect)
    ch395_tcp_listen                         0x08005301   Thumb Code    72  ch395cmd.o(i.ch395_tcp_listen)
    ch395_transport_get_data                 0x0800534d   Thumb Code    20  ch395_demo.o(i.ch395_transport_get_data)
    ch395_transport_send_packet_buffer       0x08005361   Thumb Code    22  ch395_demo.o(i.ch395_transport_send_packet_buffer)
    ch395_write_cmd                          0x08005379   Thumb Code    40  ch395.o(i.ch395_write_cmd)
    ch395_write_data                         0x080053a5   Thumb Code    12  ch395.o(i.ch395_write_data)
    ch395q_handler                           0x080053b1   Thumb Code    26  ch395.o(i.ch395q_handler)
    ch395q_mqtt_confing                      0x080053d5   Thumb Code    46  ch395_demo.o(i.ch395q_mqtt_confing)
    ch395q_socket_config                     0x08005409   Thumb Code   462  ch395.o(i.ch395q_socket_config)
    delay_init                               0x080055dd   Thumb Code    34  delay.o(i.delay_init)
    delay_ms                                 0x08005605   Thumb Code    50  delay.o(i.delay_ms)
    delay_us                                 0x0800563d   Thumb Code    72  delay.o(i.delay_us)
    fputc                                    0x08005689   Thumb Code    24  usart.o(i.fputc)
    ft                                       0x080056a5   Thumb Code    76  hmac_sha1.o(i.ft)
    hmac_sha1                                0x080056f1   Thumb Code   330  hmac_sha1.o(i.hmac_sha1)
    k                                        0x0800583d   Thumb Code    34  hmac_sha1.o(i.k)
    key_init                                 0x08005871   Thumb Code   226  key.o(i.key_init)
    lcd_clear                                0x08005961   Thumb Code    42  lcd.o(i.lcd_clear)
    lcd_display_dir                          0x08005995   Thumb Code   360  lcd.o(i.lcd_display_dir)
    lcd_draw_point                           0x08005b01   Thumb Code    26  lcd.o(i.lcd_draw_point)
    lcd_ex_ili9341_reginit                   0x08005b21   Thumb Code   556  lcd.o(i.lcd_ex_ili9341_reginit)
    lcd_ex_ili9806_reginit                   0x08005d4d   Thumb Code   832  lcd.o(i.lcd_ex_ili9806_reginit)
    lcd_ex_nt35310_reginit                   0x0800608d   Thumb Code  3826  lcd.o(i.lcd_ex_nt35310_reginit)
    lcd_ex_nt35510_reginit                   0x08006f7f   Thumb Code  3836  lcd.o(i.lcd_ex_nt35510_reginit)
    lcd_ex_ssd1963_reginit                   0x08007e7b   Thumb Code   366  lcd.o(i.lcd_ex_ssd1963_reginit)
    lcd_ex_st7789_reginit                    0x08007fe9   Thumb Code   424  lcd.o(i.lcd_ex_st7789_reginit)
    lcd_ex_st7796_reginit                    0x08008191   Thumb Code   454  lcd.o(i.lcd_ex_st7796_reginit)
    lcd_init                                 0x08008359   Thumb Code  1120  lcd.o(i.lcd_init)
    lcd_scan_dir                             0x080087e5   Thumb Code   568  lcd.o(i.lcd_scan_dir)
    lcd_set_cursor                           0x08008a21   Thumb Code   282  lcd.o(i.lcd_set_cursor)
    lcd_show_char                            0x08008b41   Thumb Code   294  lcd.o(i.lcd_show_char)
    lcd_show_string                          0x08008c81   Thumb Code   106  lcd.o(i.lcd_show_string)
    lcd_ssd_backlight_set                    0x08008ced   Thumb Code    80  lcd.o(i.lcd_ssd_backlight_set)
    lcd_wr_data                              0x08008d41   Thumb Code    18  lcd.o(i.lcd_wr_data)
    lcd_wr_regno                             0x08008d59   Thumb Code    18  lcd.o(i.lcd_wr_regno)
    lcd_write_ram_prepare                    0x08008d71   Thumb Code    10  lcd.o(i.lcd_write_ram_prepare)
    lcd_write_reg                            0x08008d85   Thumb Code    10  lcd.o(i.lcd_write_reg)
    led_init                                 0x08008d95   Thumb Code   132  led.o(i.led_init)
    main                                     0x08008e25   Thumb Code    68  main.o(i.main)
    my_mem_init                              0x08008e69   Thumb Code    38  malloc.o(i.my_mem_init)
    my_mem_perused                           0x08008e99   Thumb Code    56  malloc.o(i.my_mem_perused)
    my_mem_set                               0x08008ed9   Thumb Code    20  malloc.o(i.my_mem_set)
    onenet_authorization                     0x08008eed   Thumb Code   278  token.o(i.onenet_authorization)
    readChar                                 0x0800919d   Thumb Code    14  mqttpacket.o(i.readChar)
    readInt                                  0x080091ab   Thumb Code    26  mqttpacket.o(i.readInt)
    readMQTTLenString                        0x080091c5   Thumb Code    58  mqttpacket.o(i.readMQTTLenString)
    rotl                                     0x080091ff   Thumb Code    46  hmac_sha1.o(i.rotl)
    spi1_init                                0x080094b1   Thumb Code   116  spi.o(i.spi1_init)
    spi1_read_write_byte                     0x08009531   Thumb Code    28  spi.o(i.spi1_read_write_byte)
    spi1_set_speed                           0x08009551   Thumb Code    68  spi.o(i.spi1_set_speed)
    sram_init                                0x08009599   Thumb Code   422  sram.o(i.sram_init)
    sys_stm32_clock_init                     0x0800975d   Thumb Code    86  sys.o(i.sys_stm32_clock_init)
    usart_init                               0x080097b5   Thumb Code    44  usart.o(i.usart_init)
    writeCString                             0x080097ed   Thumb Code    40  mqttpacket.o(i.writeCString)
    writeChar                                0x08009815   Thumb Code    12  mqttpacket.o(i.writeChar)
    writeInt                                 0x08009821   Thumb Code    48  mqttpacket.o(i.writeInt)
    writeMQTTString                          0x08009851   Thumb Code    62  mqttpacket.o(i.writeMQTTString)
    _get_lc_numeric                          0x08009891   Thumb Code    44  lc_numeric_c.o(locale$$code)
    __aeabi_d2f                              0x080098bd   Thumb Code     0  d2f.o(x$fpl$d2f)
    _d2f                                     0x080098bd   Thumb Code    98  d2f.o(x$fpl$d2f)
    __aeabi_dadd                             0x08009921   Thumb Code     0  daddsub_clz.o(x$fpl$dadd)
    _dadd                                    0x08009921   Thumb Code   332  daddsub_clz.o(x$fpl$dadd)
    __aeabi_d2uiz                            0x08009a71   Thumb Code     0  dfixu.o(x$fpl$dfixu)
    _dfixu                                   0x08009a71   Thumb Code    90  dfixu.o(x$fpl$dfixu)
    __aeabi_i2d                              0x08009acb   Thumb Code     0  dflt_clz.o(x$fpl$dflt)
    _dflt                                    0x08009acb   Thumb Code    46  dflt_clz.o(x$fpl$dflt)
    __aeabi_ui2d                             0x08009af9   Thumb Code     0  dflt_clz.o(x$fpl$dfltu)
    _dfltu                                   0x08009af9   Thumb Code    38  dflt_clz.o(x$fpl$dfltu)
    __aeabi_dmul                             0x08009b21   Thumb Code     0  dmul.o(x$fpl$dmul)
    _dmul                                    0x08009b21   Thumb Code   332  dmul.o(x$fpl$dmul)
    __fpl_dnaninf                            0x08009c75   Thumb Code   156  dnaninf.o(x$fpl$dnaninf)
    __fpl_dretinf                            0x08009d11   Thumb Code    12  dretinf.o(x$fpl$dretinf)
    __aeabi_dsub                             0x08009d1d   Thumb Code     0  daddsub_clz.o(x$fpl$dsub)
    _dsub                                    0x08009d1d   Thumb Code   464  daddsub_clz.o(x$fpl$dsub)
    __aeabi_f2d                              0x08009ef1   Thumb Code     0  f2d.o(x$fpl$f2d)
    _f2d                                     0x08009ef1   Thumb Code    86  f2d.o(x$fpl$f2d)
    __aeabi_i2f                              0x08009f49   Thumb Code     0  fflt_clz.o(x$fpl$fflt)
    _fflt                                    0x08009f49   Thumb Code    48  fflt_clz.o(x$fpl$fflt)
    __fpl_fnaninf                            0x08009f79   Thumb Code   140  fnaninf.o(x$fpl$fnaninf)
    __fpl_fretinf                            0x0800a005   Thumb Code    10  fretinf.o(x$fpl$fretinf)
    _printf_fp_dec                           0x0800a00f   Thumb Code     4  printf1.o(x$fpl$printf1)
    AHBPrescTable                            0x0800a012   Data          16  system_stm32f1xx.o(.constdata)
    __I$use$fp                               0x0800a012   Number         0  usenofp.o(x$fpl$usenofp)
    APBPrescTable                            0x0800a022   Data           8  system_stm32f1xx.o(.constdata)
    asc2_1206                                0x0800a02a   Data        1140  lcd.o(.constdata)
    asc2_1608                                0x0800a49e   Data        1520  lcd.o(.constdata)
    asc2_2412                                0x0800aa8e   Data        3420  lcd.o(.constdata)
    asc2_3216                                0x0800b7ea   Data        6080  lcd.o(.constdata)
    memtblsize                               0x0800cfac   Data           8  malloc.o(.constdata)
    memblksize                               0x0800cfb4   Data           8  malloc.o(.constdata)
    memsize                                  0x0800cfbc   Data           8  malloc.o(.constdata)
    Region$$Table$$Base                      0x0800d1ec   Number         0  anon$$obj.o(Region$$Table)
    Region$$Table$$Limit                     0x0800d20c   Number         0  anon$$obj.o(Region$$Table)
    SystemCoreClock                          0x20000000   Data           4  system_stm32f1xx.o(.data)
    ch395_ipaddr                             0x20000004   Data           4  ch395_demo.o(.data)
    ch395_gw_ipaddr                          0x20000008   Data           4  ch395_demo.o(.data)
    ch395_ipmask                             0x2000000c   Data           4  ch395_demo.o(.data)
    ch395_macaddr                            0x20000010   Data           6  ch395_demo.o(.data)
    ch395_des_ipaddr                         0x20000016   Data           4  ch395_demo.o(.data)
    data                                     0x2000001c   Data          88  ch395_demo.o(.data)
    g_subscribe_state                        0x20000074   Data           1  ch395_demo.o(.data)
    g_payloadlen_in                          0x20000078   Data           4  ch395_demo.o(.data)
    g_payload_in                             0x2000007c   Data           4  ch395_demo.o(.data)
    g_msgid                                  0x20000080   Data           2  ch395_demo.o(.data)
    g_dup                                    0x20000082   Data           1  ch395_demo.o(.data)
    g_qos                                    0x20000084   Data           4  ch395_demo.o(.data)
    g_retained                               0x20000088   Data           1  ch395_demo.o(.data)
    __stdout                                 0x2000008c   Data           4  usart.o(.data)
    g_usart_rx_sta                           0x20000090   Data           2  usart.o(.data)
    g_rx_buffer                              0x20000092   Data           1  usart.o(.data)
    uwTick                                   0x20000094   Data           4  stm32f1xx_hal.o(.data)
    uwTickPrio                               0x20000098   Data           4  stm32f1xx_hal.o(.data)
    uwTickFreq                               0x2000009c   Data           1  stm32f1xx_hal.o(.data)
    g_point_color                            0x200000a0   Data           4  lcd.o(.data)
    g_back_color                             0x200000a4   Data           4  lcd.o(.data)
    mallco_dev                               0x200000a8   Data          28  malloc.o(.data)
    cha95_sockct_sta                         0x20000590   Data         576  ch395_demo.o(.bss)
    ch395q_mq_config                         0x200007d0   Data          36  ch395_demo.o(.bss)
    receivedTopic                            0x200007f4   Data          12  ch395_demo.o(.bss)
    topicString                              0x20000800   Data          12  ch395_demo.o(.bss)
    g_onenet_info                            0x2000080c   Data         187  ch395_demo.o(.bss)
    g_usart_rx_buf                           0x200008c8   Data         200  usart.o(.bss)
    g_uart1_handle                           0x20000990   Data          64  usart.o(.bss)
    g_sram_handle                            0x200009d0   Data          72  lcd.o(.bss)
    lcddev                                   0x20000a18   Data          14  lcd.o(.bss)
    g_spi1_handler                           0x20000a28   Data          88  spi.o(.bss)
    g_ch395q_sta                             0x20000a80   Data         616  ch395.o(.bss)
    g_sram_handler                           0x20000ce8   Data          72  sram.o(.bss)
    _random_number_data                      0x2000b740   Data         228  rand.o(.bss)
    __libspace_start                         0x2000b824   Data          96  libspace.o(.bss)
    __temporary_stack_top$libspace           0x2000b884   Data           0  libspace.o(.bss)



==============================================================================

Memory Map of the image

  Image Entry point : 0x08000131

  Load Region LR_IROM1 (Base: 0x08000000, Size: 0x0000d2f0, Max: 0x00080000, ABSOLUTE)

    Execution Region ER_IROM1 (Exec base: 0x08000000, Load base: 0x08000000, Size: 0x0000d228, Max: 0x00080000, ABSOLUTE)

    Exec Addr    Load Addr    Size         Type   Attr      Idx    E Section Name        Object

    0x08000000   0x08000000   0x00000130   Data   RO            3    RESET               startup_stm32f103xe.o
    0x08000130   0x08000130   0x00000008   Code   RO         5267  * !!!main             c_w.l(__main.o)
    0x08000138   0x08000138   0x00000034   Code   RO         5520    !!!scatter          c_w.l(__scatter.o)
    0x0800016c   0x0800016c   0x0000001a   Code   RO         5522    !!handler_copy      c_w.l(__scatter_copy.o)
    0x08000186   0x08000186   0x00000002   PAD
    0x08000188   0x08000188   0x0000001c   Code   RO         5524    !!handler_zi        c_w.l(__scatter_zi.o)
    0x080001a4   0x080001a4   0x00000000   Code   RO         5241    .ARM.Collect$$_printf_percent$$00000000  c_w.l(_printf_percent.o)
    0x080001a4   0x080001a4   0x00000006   Code   RO         5240    .ARM.Collect$$_printf_percent$$00000003  c_w.l(_printf_f.o)
    0x080001aa   0x080001aa   0x00000006   Code   RO         5239    .ARM.Collect$$_printf_percent$$00000009  c_w.l(_printf_d.o)
    0x080001b0   0x080001b0   0x00000006   Code   RO         5238    .ARM.Collect$$_printf_percent$$0000000C  c_w.l(_printf_x.o)
    0x080001b6   0x080001b6   0x00000006   Code   RO         5237    .ARM.Collect$$_printf_percent$$00000014  c_w.l(_printf_s.o)
    0x080001bc   0x080001bc   0x00000004   Code   RO         5316    .ARM.Collect$$_printf_percent$$00000017  c_w.l(_printf_percent_end.o)
    0x080001c0   0x080001c0   0x00000002   Code   RO         5455    .ARM.Collect$$libinit$$00000000  c_w.l(libinit.o)
    0x080001c2   0x080001c2   0x00000000   Code   RO         5318    .ARM.Collect$$libinit$$00000002  c_w.l(libinit2.o)
    0x080001c2   0x080001c2   0x00000000   Code   RO         5320    .ARM.Collect$$libinit$$00000004  c_w.l(libinit2.o)
    0x080001c2   0x080001c2   0x00000000   Code   RO         5323    .ARM.Collect$$libinit$$0000000A  c_w.l(libinit2.o)
    0x080001c2   0x080001c2   0x00000000   Code   RO         5325    .ARM.Collect$$libinit$$0000000C  c_w.l(libinit2.o)
    0x080001c2   0x080001c2   0x00000004   Code   RO         5326    .ARM.Collect$$libinit$$0000000D  c_w.l(libinit2.o)
    0x080001c6   0x080001c6   0x00000000   Code   RO         5327    .ARM.Collect$$libinit$$0000000E  c_w.l(libinit2.o)
    0x080001c6   0x080001c6   0x00000006   Code   RO         5328    .ARM.Collect$$libinit$$0000000F  c_w.l(libinit2.o)
    0x080001cc   0x080001cc   0x00000000   Code   RO         5330    .ARM.Collect$$libinit$$00000011  c_w.l(libinit2.o)
    0x080001cc   0x080001cc   0x00000000   Code   RO         5332    .ARM.Collect$$libinit$$00000013  c_w.l(libinit2.o)
    0x080001cc   0x080001cc   0x00000000   Code   RO         5334    .ARM.Collect$$libinit$$00000015  c_w.l(libinit2.o)
    0x080001cc   0x080001cc   0x0000000a   Code   RO         5335    .ARM.Collect$$libinit$$00000016  c_w.l(libinit2.o)
    0x080001d6   0x080001d6   0x00000000   Code   RO         5336    .ARM.Collect$$libinit$$00000017  c_w.l(libinit2.o)
    0x080001d6   0x080001d6   0x00000000   Code   RO         5338    .ARM.Collect$$libinit$$00000019  c_w.l(libinit2.o)
    0x080001d6   0x080001d6   0x00000000   Code   RO         5340    .ARM.Collect$$libinit$$0000001B  c_w.l(libinit2.o)
    0x080001d6   0x080001d6   0x00000000   Code   RO         5342    .ARM.Collect$$libinit$$0000001D  c_w.l(libinit2.o)
    0x080001d6   0x080001d6   0x00000000   Code   RO         5344    .ARM.Collect$$libinit$$0000001F  c_w.l(libinit2.o)
    0x080001d6   0x080001d6   0x00000000   Code   RO         5346    .ARM.Collect$$libinit$$00000021  c_w.l(libinit2.o)
    0x080001d6   0x080001d6   0x00000000   Code   RO         5348    .ARM.Collect$$libinit$$00000023  c_w.l(libinit2.o)
    0x080001d6   0x080001d6   0x00000000   Code   RO         5350    .ARM.Collect$$libinit$$00000025  c_w.l(libinit2.o)
    0x080001d6   0x080001d6   0x00000000   Code   RO         5354    .ARM.Collect$$libinit$$0000002C  c_w.l(libinit2.o)
    0x080001d6   0x080001d6   0x00000000   Code   RO         5356    .ARM.Collect$$libinit$$0000002E  c_w.l(libinit2.o)
    0x080001d6   0x080001d6   0x00000000   Code   RO         5358    .ARM.Collect$$libinit$$00000030  c_w.l(libinit2.o)
    0x080001d6   0x080001d6   0x00000000   Code   RO         5360    .ARM.Collect$$libinit$$00000032  c_w.l(libinit2.o)
    0x080001d6   0x080001d6   0x00000002   Code   RO         5361    .ARM.Collect$$libinit$$00000033  c_w.l(libinit2.o)
    0x080001d8   0x080001d8   0x00000002   Code   RO         5483    .ARM.Collect$$libshutdown$$00000000  c_w.l(libshutdown.o)
    0x080001da   0x080001da   0x00000000   Code   RO         5487    .ARM.Collect$$libshutdown$$00000002  c_w.l(libshutdown2.o)
    0x080001da   0x080001da   0x00000000   Code   RO         5489    .ARM.Collect$$libshutdown$$00000004  c_w.l(libshutdown2.o)
    0x080001da   0x080001da   0x00000000   Code   RO         5492    .ARM.Collect$$libshutdown$$00000007  c_w.l(libshutdown2.o)
    0x080001da   0x080001da   0x00000000   Code   RO         5495    .ARM.Collect$$libshutdown$$0000000A  c_w.l(libshutdown2.o)
    0x080001da   0x080001da   0x00000000   Code   RO         5497    .ARM.Collect$$libshutdown$$0000000C  c_w.l(libshutdown2.o)
    0x080001da   0x080001da   0x00000000   Code   RO         5500    .ARM.Collect$$libshutdown$$0000000F  c_w.l(libshutdown2.o)
    0x080001da   0x080001da   0x00000002   Code   RO         5501    .ARM.Collect$$libshutdown$$00000010  c_w.l(libshutdown2.o)
    0x080001dc   0x080001dc   0x00000000   Code   RO         5301    .ARM.Collect$$rtentry$$00000000  c_w.l(__rtentry.o)
    0x080001dc   0x080001dc   0x00000000   Code   RO         5372    .ARM.Collect$$rtentry$$00000002  c_w.l(__rtentry2.o)
    0x080001dc   0x080001dc   0x00000006   Code   RO         5384    .ARM.Collect$$rtentry$$00000004  c_w.l(__rtentry4.o)
    0x080001e2   0x080001e2   0x00000000   Code   RO         5374    .ARM.Collect$$rtentry$$00000009  c_w.l(__rtentry2.o)
    0x080001e2   0x080001e2   0x00000004   Code   RO         5375    .ARM.Collect$$rtentry$$0000000A  c_w.l(__rtentry2.o)
    0x080001e6   0x080001e6   0x00000000   Code   RO         5377    .ARM.Collect$$rtentry$$0000000C  c_w.l(__rtentry2.o)
    0x080001e6   0x080001e6   0x00000008   Code   RO         5378    .ARM.Collect$$rtentry$$0000000D  c_w.l(__rtentry2.o)
    0x080001ee   0x080001ee   0x00000002   Code   RO         5456    .ARM.Collect$$rtexit$$00000000  c_w.l(rtexit.o)
    0x080001f0   0x080001f0   0x00000000   Code   RO         5465    .ARM.Collect$$rtexit$$00000002  c_w.l(rtexit2.o)
    0x080001f0   0x080001f0   0x00000004   Code   RO         5466    .ARM.Collect$$rtexit$$00000003  c_w.l(rtexit2.o)
    0x080001f4   0x080001f4   0x00000006   Code   RO         5467    .ARM.Collect$$rtexit$$00000004  c_w.l(rtexit2.o)
    0x080001fa   0x080001fa   0x00000002   PAD
    0x080001fc   0x080001fc   0x00000034   Code   RO         5242    .emb_text           c_w.l(rand.o)
    0x08000230   0x08000230   0x00000040   Code   RO            4    .text               startup_stm32f103xe.o
    0x08000270   0x08000270   0x00000002   Code   RO         5174    .text               c_w.l(use_no_semi_2.o)
    0x08000272   0x08000272   0x00000002   PAD
    0x08000274   0x08000274   0x00000018   Code   RO         5176    .text               c_w.l(__2printf.o)
    0x0800028c   0x0800028c   0x0000002c   Code   RO         5178    .text               c_w.l(__2sprintf.o)
    0x080002b8   0x080002b8   0x00000038   Code   RO         5180    .text               c_w.l(__2snprintf.o)
    0x080002f0   0x080002f0   0x0000004e   Code   RO         5190    .text               c_w.l(_printf_pad.o)
    0x0800033e   0x0800033e   0x00000052   Code   RO         5192    .text               c_w.l(_printf_str.o)
    0x08000390   0x08000390   0x00000078   Code   RO         5194    .text               c_w.l(_printf_dec.o)
    0x08000408   0x08000408   0x00000058   Code   RO         5199    .text               c_w.l(_printf_hex_int.o)
    0x08000460   0x08000460   0x00000138   Code   RO         5229    .text               c_w.l(__printf_flags_wp.o)
    0x08000598   0x08000598   0x0000003c   Code   RO         5243    .text               c_w.l(rand.o)
    0x080005d4   0x080005d4   0x00000048   Code   RO         5249    .text               c_w.l(strcpy.o)
    0x0800061c   0x0800061c   0x0000003e   Code   RO         5251    .text               c_w.l(strlen.o)
    0x0800065a   0x0800065a   0x00000018   Code   RO         5255    .text               c_w.l(strcat.o)
    0x08000672   0x08000672   0x0000008a   Code   RO         5257    .text               c_w.l(rt_memcpy_v6.o)
    0x080006fc   0x080006fc   0x00000064   Code   RO         5259    .text               c_w.l(rt_memcpy_w.o)
    0x08000760   0x08000760   0x00000044   Code   RO         5261    .text               c_w.l(rt_memclr.o)
    0x080007a4   0x080007a4   0x0000004e   Code   RO         5263    .text               c_w.l(rt_memclr_w.o)
    0x080007f2   0x080007f2   0x00000006   Code   RO         5265    .text               c_w.l(heapauxi.o)
    0x080007f8   0x080007f8   0x00000002   Code   RO         5299    .text               c_w.l(use_no_semi.o)
    0x080007fa   0x080007fa   0x000000b2   Code   RO         5302    .text               c_w.l(_printf_intcommon.o)
    0x080008ac   0x080008ac   0x0000041e   Code   RO         5304    .text               c_w.l(_printf_fp_dec.o)
    0x08000cca   0x08000cca   0x00000002   PAD
    0x08000ccc   0x08000ccc   0x00000030   Code   RO         5306    .text               c_w.l(_printf_char_common.o)
    0x08000cfc   0x08000cfc   0x0000000a   Code   RO         5308    .text               c_w.l(_sputc.o)
    0x08000d06   0x08000d06   0x00000010   Code   RO         5310    .text               c_w.l(_snputc.o)
    0x08000d16   0x08000d16   0x0000002c   Code   RO         5312    .text               c_w.l(_printf_char.o)
    0x08000d42   0x08000d42   0x00000002   PAD
    0x08000d44   0x08000d44   0x00000024   Code   RO         5314    .text               c_w.l(_printf_char_file.o)
    0x08000d68   0x08000d68   0x00000008   Code   RO         5389    .text               c_w.l(rt_locale_intlibspace.o)
    0x08000d70   0x08000d70   0x0000008a   Code   RO         5391    .text               c_w.l(lludiv10.o)
    0x08000dfa   0x08000dfa   0x00000002   PAD
    0x08000dfc   0x08000dfc   0x00000080   Code   RO         5393    .text               c_w.l(_printf_fp_infnan.o)
    0x08000e7c   0x08000e7c   0x000000e4   Code   RO         5397    .text               c_w.l(bigflt0.o)
    0x08000f60   0x08000f60   0x00000008   Code   RO         5422    .text               c_w.l(ferror.o)
    0x08000f68   0x08000f68   0x00000008   Code   RO         5437    .text               c_w.l(libspace.o)
    0x08000f70   0x08000f70   0x0000004a   Code   RO         5440    .text               c_w.l(sys_stackheap_outer.o)
    0x08000fba   0x08000fba   0x00000012   Code   RO         5442    .text               c_w.l(exit.o)
    0x08000fcc   0x08000fcc   0x00000080   Code   RO         5444    .text               c_w.l(strcmpv7m.o)
    0x0800104c   0x0800104c   0x0000003e   Code   RO         5400    CL$$btod_d2e        c_w.l(btod.o)
    0x0800108a   0x0800108a   0x00000046   Code   RO         5402    CL$$btod_d2e_denorm_low  c_w.l(btod.o)
    0x080010d0   0x080010d0   0x00000060   Code   RO         5401    CL$$btod_d2e_norm_op1  c_w.l(btod.o)
    0x08001130   0x08001130   0x00000338   Code   RO         5410    CL$$btod_div_common  c_w.l(btod.o)
    0x08001468   0x08001468   0x000000dc   Code   RO         5407    CL$$btod_e2e        c_w.l(btod.o)
    0x08001544   0x08001544   0x0000002a   Code   RO         5404    CL$$btod_ediv       c_w.l(btod.o)
    0x0800156e   0x0800156e   0x0000002a   Code   RO         5403    CL$$btod_emul       c_w.l(btod.o)
    0x08001598   0x08001598   0x00000244   Code   RO         5409    CL$$btod_mult_common  c_w.l(btod.o)
    0x080017dc   0x080017dc   0x0000016c   Code   RO         5128    i.BASE64_Decode     onenet_base64.o
    0x08001948   0x08001948   0x00000144   Code   RO         5129    i.BASE64_Encode     onenet_base64.o
    0x08001a8c   0x08001a8c   0x00000004   Code   RO          321    i.BusFault_Handler  stm32f1xx_it.o
    0x08001a90   0x08001a90   0x00000002   Code   RO          322    i.DebugMon_Handler  stm32f1xx_it.o
    0x08001a92   0x08001a92   0x00000002   PAD
    0x08001a94   0x08001a94   0x00000044   Code   RO         2269    i.FSMC_NORSRAM_Extended_Timing_Init  stm32f1xx_ll_fsmc.o
    0x08001ad8   0x08001ad8   0x00000078   Code   RO         2270    i.FSMC_NORSRAM_Init  stm32f1xx_ll_fsmc.o
    0x08001b50   0x08001b50   0x00000042   Code   RO         2271    i.FSMC_NORSRAM_Timing_Init  stm32f1xx_ll_fsmc.o
    0x08001b92   0x08001b92   0x00000002   PAD
    0x08001b94   0x08001b94   0x000001a8   Code   RO         1066    i.HAL_DMA_Abort_IT  stm32f1xx_hal_dma.o
    0x08001d3c   0x08001d3c   0x00000340   Code   RO         1162    i.HAL_GPIO_Init     stm32f1xx_hal_gpio.o
    0x0800207c   0x0800207c   0x00000010   Code   RO         1164    i.HAL_GPIO_ReadPin  stm32f1xx_hal_gpio.o
    0x0800208c   0x0800208c   0x0000000c   Code   RO         1166    i.HAL_GPIO_WritePin  stm32f1xx_hal_gpio.o
    0x08002098   0x08002098   0x0000000c   Code   RO          779    i.HAL_GetTick       stm32f1xx_hal.o
    0x080020a4   0x080020a4   0x00000028   Code   RO          786    i.HAL_Init          stm32f1xx_hal.o
    0x080020cc   0x080020cc   0x0000004c   Code   RO          787    i.HAL_InitTick      stm32f1xx_hal.o
    0x08002118   0x08002118   0x00000002   Code   RO          789    i.HAL_MspInit       stm32f1xx_hal.o
    0x0800211a   0x0800211a   0x00000020   Code   RO          944    i.HAL_NVIC_EnableIRQ  stm32f1xx_hal_cortex.o
    0x0800213a   0x0800213a   0x0000007c   Code   RO          950    i.HAL_NVIC_SetPriority  stm32f1xx_hal_cortex.o
    0x080021b6   0x080021b6   0x00000002   PAD
    0x080021b8   0x080021b8   0x00000028   Code   RO          951    i.HAL_NVIC_SetPriorityGrouping  stm32f1xx_hal_cortex.o
    0x080021e0   0x080021e0   0x0000018c   Code   RO         1387    i.HAL_RCC_ClockConfig  stm32f1xx_hal_rcc.o
    0x0800236c   0x0800236c   0x0000000c   Code   RO         1392    i.HAL_RCC_GetHCLKFreq  stm32f1xx_hal_rcc.o
    0x08002378   0x08002378   0x00000020   Code   RO         1394    i.HAL_RCC_GetPCLK1Freq  stm32f1xx_hal_rcc.o
    0x08002398   0x08002398   0x00000020   Code   RO         1395    i.HAL_RCC_GetPCLK2Freq  stm32f1xx_hal_rcc.o
    0x080023b8   0x080023b8   0x00000094   Code   RO         1396    i.HAL_RCC_GetSysClockFreq  stm32f1xx_hal_rcc.o
    0x0800244c   0x0800244c   0x00000464   Code   RO         1399    i.HAL_RCC_OscConfig  stm32f1xx_hal_rcc.o
    0x080028b0   0x080028b0   0x000000d4   Code   RO         3382    i.HAL_SPI_Init      stm32f1xx_hal_spi.o
    0x08002984   0x08002984   0x000000ac   Code   RO         4035    i.HAL_SPI_MspInit   spi.o
    0x08002a30   0x08002a30   0x000002ee   Code   RO         3391    i.HAL_SPI_TransmitReceive  stm32f1xx_hal_spi.o
    0x08002d1e   0x08002d1e   0x00000066   Code   RO         2130    i.HAL_SRAM_Init     stm32f1xx_hal_sram.o
    0x08002d84   0x08002d84   0x00000090   Code   RO         3743    i.HAL_SRAM_MspInit  lcd.o
    0x08002e14   0x08002e14   0x00000028   Code   RO          953    i.HAL_SYSTICK_CLKSourceConfig  stm32f1xx_hal_cortex.o
    0x08002e3c   0x08002e3c   0x00000034   Code   RO          955    i.HAL_SYSTICK_Config  stm32f1xx_hal_cortex.o
    0x08002e70   0x08002e70   0x00000002   Code   RO         1550    i.HAL_UART_ErrorCallback  stm32f1xx_hal_uart.o
    0x08002e72   0x08002e72   0x00000002   PAD
    0x08002e74   0x08002e74   0x00000154   Code   RO         1553    i.HAL_UART_IRQHandler  stm32f1xx_hal_uart.o
    0x08002fc8   0x08002fc8   0x00000072   Code   RO         1554    i.HAL_UART_Init     stm32f1xx_hal_uart.o
    0x0800303a   0x0800303a   0x00000002   PAD
    0x0800303c   0x0800303c   0x000000b4   Code   RO          691    i.HAL_UART_MspInit  usart.o
    0x080030f0   0x080030f0   0x00000070   Code   RO         1559    i.HAL_UART_Receive_IT  stm32f1xx_hal_uart.o
    0x08003160   0x08003160   0x0000009c   Code   RO          692    i.HAL_UART_RxCpltCallback  usart.o
    0x080031fc   0x080031fc   0x00000002   Code   RO         1565    i.HAL_UART_TxCpltCallback  stm32f1xx_hal_uart.o
    0x080031fe   0x080031fe   0x00000004   Code   RO          323    i.HardFault_Handler  stm32f1xx_it.o
    0x08003202   0x08003202   0x00000076   Code   RO         4691    i.MQTTDeserialize_connack  mqttconnectclient.o
    0x08003278   0x08003278   0x000000a8   Code   RO         4765    i.MQTTDeserialize_publish  mqttdeserializepublish.o
    0x08003320   0x08003320   0x00000092   Code   RO         4997    i.MQTTDeserialize_suback  mqttsubscribeclient.o
    0x080033b2   0x080033b2   0x00000058   Code   RO         4840    i.MQTTPacket_decode  mqttpacket.o
    0x0800340a   0x0800340a   0x00000002   PAD
    0x0800340c   0x0800340c   0x0000001c   Code   RO         4841    i.MQTTPacket_decodeBuf  mqttpacket.o
    0x08003428   0x08003428   0x00000036   Code   RO         4843    i.MQTTPacket_encode  mqttpacket.o
    0x0800345e   0x0800345e   0x00000002   PAD
    0x08003460   0x08003460   0x00000028   Code   RO         4845    i.MQTTPacket_len    mqttpacket.o
    0x08003488   0x08003488   0x00000066   Code   RO         4846    i.MQTTPacket_read   mqttpacket.o
    0x080034ee   0x080034ee   0x00000002   PAD
    0x080034f0   0x080034f0   0x00000168   Code   RO         4692    i.MQTTSerialize_connect  mqttconnectclient.o
    0x08003658   0x08003658   0x00000076   Code   RO         4693    i.MQTTSerialize_connectLength  mqttconnectclient.o
    0x080036ce   0x080036ce   0x000000b0   Code   RO         4958    i.MQTTSerialize_publish  mqttserializepublish.o
    0x0800377e   0x0800377e   0x00000022   Code   RO         4959    i.MQTTSerialize_publishLength  mqttserializepublish.o
    0x080037a0   0x080037a0   0x000000b0   Code   RO         4998    i.MQTTSerialize_subscribe  mqttsubscribeclient.o
    0x08003850   0x08003850   0x0000002e   Code   RO         4999    i.MQTTSerialize_subscribeLength  mqttsubscribeclient.o
    0x0800387e   0x0800387e   0x00000018   Code   RO         4848    i.MQTTstrlen        mqttpacket.o
    0x08003896   0x08003896   0x00000004   Code   RO          324    i.MemManage_Handler  stm32f1xx_it.o
    0x0800389a   0x0800389a   0x00000002   Code   RO          325    i.NMI_Handler       stm32f1xx_it.o
    0x0800389c   0x0800389c   0x00000028   Code   RO         1400    i.RCC_Delay         stm32f1xx_hal_rcc.o
    0x080038c4   0x080038c4   0x00000028   Code   RO         3422    i.SPI_EndRxTxTransaction  stm32f1xx_hal_spi.o
    0x080038ec   0x080038ec   0x00000006   Code   RO         3423    i.SPI_ISCRCErrorValid  stm32f1xx_hal_spi.o
    0x080038f2   0x080038f2   0x00000002   PAD
    0x080038f4   0x080038f4   0x000000d8   Code   RO         3430    i.SPI_WaitFlagStateUntilTimeout  stm32f1xx_hal_spi.o
    0x080039cc   0x080039cc   0x00000002   Code   RO          326    i.SVC_Handler       stm32f1xx_it.o
    0x080039ce   0x080039ce   0x00000002   Code   RO          285    i.SystemInit        system_stm32f1xx.o
    0x080039d0   0x080039d0   0x00000014   Code   RO         1567    i.UART_DMAAbortOnError  stm32f1xx_hal_uart.o
    0x080039e4   0x080039e4   0x00000020   Code   RO         1577    i.UART_EndRxTransfer  stm32f1xx_hal_uart.o
    0x08003a04   0x08003a04   0x00000020   Code   RO         1578    i.UART_EndTransmit_IT  stm32f1xx_hal_uart.o
    0x08003a24   0x08003a24   0x000000a0   Code   RO         1580    i.UART_Receive_IT   stm32f1xx_hal_uart.o
    0x08003ac4   0x08003ac4   0x000000fc   Code   RO         1581    i.UART_SetConfig    stm32f1xx_hal_uart.o
    0x08003bc0   0x08003bc0   0x00000060   Code   RO         1582    i.UART_Transmit_IT  stm32f1xx_hal_uart.o
    0x08003c20   0x08003c20   0x00000010   Code   RO          693    i.USART1_IRQHandler  usart.o
    0x08003c30   0x08003c30   0x00000004   Code   RO          327    i.UsageFault_Handler  stm32f1xx_it.o
    0x08003c34   0x08003c34   0x00000028   Code   RO         5435    i.__ARM_fpclassify  m_ws.l(fpclassify.o)
    0x08003c5c   0x08003c5c   0x00000010   Code   RO          957    i.__NVIC_GetPriorityGrouping  stm32f1xx_hal_cortex.o
    0x08003c6c   0x08003c6c   0x00000028   Code   RO          958    i.__NVIC_SetPriority  stm32f1xx_hal_cortex.o
    0x08003c94   0x08003c94   0x0000000e   Code   RO         5227    i._is_digit         c_w.l(__printf_wp.o)
    0x08003ca2   0x08003ca2   0x00000004   Code   RO          695    i._sys_exit         usart.o
    0x08003ca6   0x08003ca6   0x00000002   PAD
    0x08003ca8   0x08003ca8   0x00000028   Code   RO         4849    i.bufchar           mqttpacket.o
    0x08003cd0   0x08003cd0   0x0000004c   Code   RO         4084    i.ch395_close_socket  ch395cmd.o
    0x08003d1c   0x08003d1c   0x00000028   Code   RO         4085    i.ch395_cmd_check_exist  ch395cmd.o
    0x08003d44   0x08003d44   0x00000030   Code   RO         4087    i.ch395_cmd_get_glob_int_status_all  ch395cmd.o
    0x08003d74   0x08003d74   0x00000020   Code   RO         4089    i.ch395_cmd_get_phy_status  ch395cmd.o
    0x08003d94   0x08003d94   0x00000030   Code   RO         4092    i.ch395_cmd_get_unreachippt  ch395cmd.o
    0x08003dc4   0x08003dc4   0x00000020   Code   RO         4093    i.ch395_cmd_get_ver  ch395cmd.o
    0x08003de4   0x08003de4   0x00000044   Code   RO         4094    i.ch395_cmd_init    ch395cmd.o
    0x08003e28   0x08003e28   0x00000018   Code   RO         4095    i.ch395_cmd_reset   ch395cmd.o
    0x08003e40   0x08003e40   0x00000030   Code   RO         4096    i.ch395_cmd_set_gw_ipaddr  ch395cmd.o
    0x08003e70   0x08003e70   0x00000030   Code   RO         4097    i.ch395_cmd_set_ipaddr  ch395cmd.o
    0x08003ea0   0x08003ea0   0x00000034   Code   RO         4098    i.ch395_cmd_set_macaddr  ch395cmd.o
    0x08003ed4   0x08003ed4   0x00000030   Code   RO         4100    i.ch395_cmd_set_maskaddr  ch395cmd.o
    0x08003f04   0x08003f04   0x0000059c   Code   RO          512    i.ch395_demo        ch395_demo.o
    0x080044a0   0x080044a0   0x0000004c   Code   RO         4107    i.ch395_dhcp_enable  ch395cmd.o
    0x080044ec   0x080044ec   0x00000030   Code   RO         4446    i.ch395_error       ch395.o
    0x0800451c   0x0800451c   0x00000020   Code   RO         4112    i.ch395_get_cmd_status  ch395cmd.o
    0x0800453c   0x0800453c   0x00000020   Code   RO         4113    i.ch395_get_dhcp_status  ch395cmd.o
    0x0800455c   0x0800455c   0x00000030   Code   RO         4114    i.ch395_get_ipinf   ch395cmd.o
    0x0800458c   0x0800458c   0x00000054   Code   RO         4115    i.ch395_get_recv_data  ch395cmd.o
    0x080045e0   0x080045e0   0x00000034   Code   RO         4116    i.ch395_get_recv_length  ch395cmd.o
    0x08004614   0x08004614   0x00000030   Code   RO         4117    i.ch395_get_socket_int  ch395cmd.o
    0x08004644   0x08004644   0x000000c4   Code   RO         4447    i.ch395_gpio_init   ch395.o
    0x08004708   0x08004708   0x000000c0   Code   RO         4448    i.ch395_hardware_init  ch395.o
    0x080047c8   0x080047c8   0x000001f8   Code   RO         4449    i.ch395_interrupt_handler  ch395.o
    0x080049c0   0x080049c0   0x00000012   Code   RO         4118    i.ch395_keeplive_cnt  ch395cmd.o
    0x080049d2   0x080049d2   0x00000028   Code   RO         4119    i.ch395_keeplive_idle  ch395cmd.o
    0x080049fa   0x080049fa   0x00000028   Code   RO         4120    i.ch395_keeplive_intvl  ch395cmd.o
    0x08004a22   0x08004a22   0x0000001a   Code   RO         4450    i.ch395_keeplive_set  ch395.o
    0x08004a3c   0x08004a3c   0x0000004c   Code   RO         4121    i.ch395_open_socket  ch395cmd.o
    0x08004a88   0x08004a88   0x000000b8   Code   RO         4451    i.ch395_phy_status  ch395.o
    0x08004b40   0x08004b40   0x0000000e   Code   RO         4452    i.ch395_read_data   ch395.o
    0x08004b4e   0x08004b4e   0x00000010   Code   RO         4453    i.ch395_read_write_byte  ch395.o
    0x08004b5e   0x08004b5e   0x00000002   PAD
    0x08004b60   0x08004b60   0x0000026c   Code   RO         4454    i.ch395_reconnection  ch395.o
    0x08004dcc   0x08004dcc   0x00000048   Code   RO         4123    i.ch395_send_data   ch395cmd.o
    0x08004e14   0x08004e14   0x0000001a   Code   RO         4124    i.ch395_set_keeplive  ch395cmd.o
    0x08004e2e   0x08004e2e   0x00000002   PAD
    0x08004e30   0x08004e30   0x00000044   Code   RO         4125    i.ch395_set_socket_desip  ch395cmd.o
    0x08004e74   0x08004e74   0x00000030   Code   RO         4126    i.ch395_set_socket_desport  ch395cmd.o
    0x08004ea4   0x08004ea4   0x00000028   Code   RO         4128    i.ch395_set_socket_prot_type  ch395cmd.o
    0x08004ecc   0x08004ecc   0x00000022   Code   RO         4129    i.ch395_set_socket_recv_buf  ch395cmd.o
    0x08004eee   0x08004eee   0x00000022   Code   RO         4130    i.ch395_set_socket_send_buf  ch395cmd.o
    0x08004f10   0x08004f10   0x00000030   Code   RO         4131    i.ch395_set_socket_sourport  ch395cmd.o
    0x08004f40   0x08004f40   0x0000001a   Code   RO         4134    i.ch395_setttl_num  ch395cmd.o
    0x08004f5a   0x08004f5a   0x00000002   PAD
    0x08004f5c   0x08004f5c   0x000000f4   Code   RO          513    i.ch395_show_mesg   ch395_demo.o
    0x08005050   0x08005050   0x000001c0   Code   RO         4455    i.ch395_socket_interrupt  ch395.o
    0x08005210   0x08005210   0x000000a4   Code   RO         4456    i.ch395_socket_r_s_buf_modify  ch395.o
    0x080052b4   0x080052b4   0x0000004c   Code   RO         4135    i.ch395_tcp_connect  ch395cmd.o
    0x08005300   0x08005300   0x0000004c   Code   RO         4137    i.ch395_tcp_listen  ch395cmd.o
    0x0800534c   0x0800534c   0x00000014   Code   RO          514    i.ch395_transport_get_data  ch395_demo.o
    0x08005360   0x08005360   0x00000016   Code   RO          515    i.ch395_transport_send_packet_buffer  ch395_demo.o
    0x08005376   0x08005376   0x00000002   PAD
    0x08005378   0x08005378   0x0000002c   Code   RO         4457    i.ch395_write_cmd   ch395.o
    0x080053a4   0x080053a4   0x0000000c   Code   RO         4458    i.ch395_write_data  ch395.o
    0x080053b0   0x080053b0   0x00000024   Code   RO         4459    i.ch395q_handler    ch395.o
    0x080053d4   0x080053d4   0x00000034   Code   RO          516    i.ch395q_mqtt_confing  ch395_demo.o
    0x08005408   0x08005408   0x000001d4   Code   RO         4460    i.ch395q_socket_config  ch395.o
    0x080055dc   0x080055dc   0x00000028   Code   RO          575    i.delay_init        delay.o
    0x08005604   0x08005604   0x00000038   Code   RO          576    i.delay_ms          delay.o
    0x0800563c   0x0800563c   0x0000004c   Code   RO          577    i.delay_us          delay.o
    0x08005688   0x08005688   0x0000001c   Code   RO          697    i.fputc             usart.o
    0x080056a4   0x080056a4   0x0000004c   Code   RO         5081    i.ft                hmac_sha1.o
    0x080056f0   0x080056f0   0x0000014a   Code   RO         5082    i.hmac_sha1         hmac_sha1.o
    0x0800583a   0x0800583a   0x00000002   PAD
    0x0800583c   0x0800583c   0x00000034   Code   RO         5083    i.k                 hmac_sha1.o
    0x08005870   0x08005870   0x000000f0   Code   RO         4004    i.key_init          key.o
    0x08005960   0x08005960   0x00000034   Code   RO         3744    i.lcd_clear         lcd.o
    0x08005994   0x08005994   0x0000016c   Code   RO         3746    i.lcd_display_dir   lcd.o
    0x08005b00   0x08005b00   0x00000020   Code   RO         3752    i.lcd_draw_point    lcd.o
    0x08005b20   0x08005b20   0x0000022c   Code   RO         3754    i.lcd_ex_ili9341_reginit  lcd.o
    0x08005d4c   0x08005d4c   0x00000340   Code   RO         3755    i.lcd_ex_ili9806_reginit  lcd.o
    0x0800608c   0x0800608c   0x00000ef2   Code   RO         3756    i.lcd_ex_nt35310_reginit  lcd.o
    0x08006f7e   0x08006f7e   0x00000efc   Code   RO         3757    i.lcd_ex_nt35510_reginit  lcd.o
    0x08007e7a   0x08007e7a   0x0000016e   Code   RO         3758    i.lcd_ex_ssd1963_reginit  lcd.o
    0x08007fe8   0x08007fe8   0x000001a8   Code   RO         3759    i.lcd_ex_st7789_reginit  lcd.o
    0x08008190   0x08008190   0x000001c6   Code   RO         3760    i.lcd_ex_st7796_reginit  lcd.o
    0x08008356   0x08008356   0x00000002   PAD
    0x08008358   0x08008358   0x00000468   Code   RO         3763    i.lcd_init          lcd.o
    0x080087c0   0x080087c0   0x0000000c   Code   RO         3764    i.lcd_opt_delay     lcd.o
    0x080087cc   0x080087cc   0x00000018   Code   RO         3766    i.lcd_rd_data       lcd.o
    0x080087e4   0x080087e4   0x0000023c   Code   RO         3768    i.lcd_scan_dir      lcd.o
    0x08008a20   0x08008a20   0x00000120   Code   RO         3769    i.lcd_set_cursor    lcd.o
    0x08008b40   0x08008b40   0x00000140   Code   RO         3771    i.lcd_show_char     lcd.o
    0x08008c80   0x08008c80   0x0000006a   Code   RO         3773    i.lcd_show_string   lcd.o
    0x08008cea   0x08008cea   0x00000002   PAD
    0x08008cec   0x08008cec   0x00000054   Code   RO         3775    i.lcd_ssd_backlight_set  lcd.o
    0x08008d40   0x08008d40   0x00000018   Code   RO         3776    i.lcd_wr_data       lcd.o
    0x08008d58   0x08008d58   0x00000018   Code   RO         3777    i.lcd_wr_regno      lcd.o
    0x08008d70   0x08008d70   0x00000014   Code   RO         3778    i.lcd_write_ram_prepare  lcd.o
    0x08008d84   0x08008d84   0x00000010   Code   RO         3779    i.lcd_write_reg     lcd.o
    0x08008d94   0x08008d94   0x00000090   Code   RO         3719    i.led_init          led.o
    0x08008e24   0x08008e24   0x00000044   Code   RO           13    i.main              main.o
    0x08008e68   0x08008e68   0x00000030   Code   RO         4616    i.my_mem_init       malloc.o
    0x08008e98   0x08008e98   0x00000040   Code   RO         4618    i.my_mem_perused    malloc.o
    0x08008ed8   0x08008ed8   0x00000014   Code   RO         4619    i.my_mem_set        malloc.o
    0x08008eec   0x08008eec   0x00000198   Code   RO         5151    i.onenet_authorization  token.o
    0x08009084   0x08009084   0x00000118   Code   RO         5152    i.ota_url_encode    token.o
    0x0800919c   0x0800919c   0x0000000e   Code   RO         4851    i.readChar          mqttpacket.o
    0x080091aa   0x080091aa   0x0000001a   Code   RO         4852    i.readInt           mqttpacket.o
    0x080091c4   0x080091c4   0x0000003a   Code   RO         4853    i.readMQTTLenString  mqttpacket.o
    0x080091fe   0x080091fe   0x0000002e   Code   RO         5084    i.rotl              hmac_sha1.o
    0x0800922c   0x0800922c   0x00000284   Code   RO         5086    i.sha1              hmac_sha1.o
    0x080094b0   0x080094b0   0x00000080   Code   RO         4036    i.spi1_init         spi.o
    0x08009530   0x08009530   0x00000020   Code   RO         4037    i.spi1_read_write_byte  spi.o
    0x08009550   0x08009550   0x00000048   Code   RO         4038    i.spi1_set_speed    spi.o
    0x08009598   0x08009598   0x000001c4   Code   RO         4560    i.sram_init         sram.o
    0x0800975c   0x0800975c   0x00000056   Code   RO          624    i.sys_stm32_clock_init  sys.o
    0x080097b2   0x080097b2   0x00000002   PAD
    0x080097b4   0x080097b4   0x00000038   Code   RO          698    i.usart_init        usart.o
    0x080097ec   0x080097ec   0x00000028   Code   RO         4854    i.writeCString      mqttpacket.o
    0x08009814   0x08009814   0x0000000c   Code   RO         4855    i.writeChar         mqttpacket.o
    0x08009820   0x08009820   0x00000030   Code   RO         4856    i.writeInt          mqttpacket.o
    0x08009850   0x08009850   0x0000003e   Code   RO         4857    i.writeMQTTString   mqttpacket.o
    0x0800988e   0x0800988e   0x00000002   PAD
    0x08009890   0x08009890   0x0000002c   Code   RO         5427    locale$$code        c_w.l(lc_numeric_c.o)
    0x080098bc   0x080098bc   0x00000062   Code   RO         5269    x$fpl$d2f           fz_ws.l(d2f.o)
    0x0800991e   0x0800991e   0x00000002   PAD
    0x08009920   0x08009920   0x00000150   Code   RO         5271    x$fpl$dadd          fz_ws.l(daddsub_clz.o)
    0x08009a70   0x08009a70   0x0000005a   Code   RO         5277    x$fpl$dfixu         fz_ws.l(dfixu.o)
    0x08009aca   0x08009aca   0x0000002e   Code   RO         5282    x$fpl$dflt          fz_ws.l(dflt_clz.o)
    0x08009af8   0x08009af8   0x00000026   Code   RO         5281    x$fpl$dfltu         fz_ws.l(dflt_clz.o)
    0x08009b1e   0x08009b1e   0x00000002   PAD
    0x08009b20   0x08009b20   0x00000154   Code   RO         5287    x$fpl$dmul          fz_ws.l(dmul.o)
    0x08009c74   0x08009c74   0x0000009c   Code   RO         5362    x$fpl$dnaninf       fz_ws.l(dnaninf.o)
    0x08009d10   0x08009d10   0x0000000c   Code   RO         5364    x$fpl$dretinf       fz_ws.l(dretinf.o)
    0x08009d1c   0x08009d1c   0x000001d4   Code   RO         5273    x$fpl$dsub          fz_ws.l(daddsub_clz.o)
    0x08009ef0   0x08009ef0   0x00000056   Code   RO         5289    x$fpl$f2d           fz_ws.l(f2d.o)
    0x08009f46   0x08009f46   0x00000002   PAD
    0x08009f48   0x08009f48   0x00000030   Code   RO         5292    x$fpl$fflt          fz_ws.l(fflt_clz.o)
    0x08009f78   0x08009f78   0x0000008c   Code   RO         5366    x$fpl$fnaninf       fz_ws.l(fnaninf.o)
    0x0800a004   0x0800a004   0x0000000a   Code   RO         5368    x$fpl$fretinf       fz_ws.l(fretinf.o)
    0x0800a00e   0x0800a00e   0x00000004   Code   RO         5297    x$fpl$printf1       fz_ws.l(printf1.o)
    0x0800a012   0x0800a012   0x00000000   Code   RO         5370    x$fpl$usenofp       fz_ws.l(usenofp.o)
    0x0800a012   0x0800a012   0x00000018   Data   RO          286    .constdata          system_stm32f1xx.o
    0x0800a02a   0x0800a02a   0x00002f80   Data   RO         3781    .constdata          lcd.o
    0x0800cfaa   0x0800cfaa   0x00000002   PAD
    0x0800cfac   0x0800cfac   0x00000018   Data   RO         4626    .constdata          malloc.o
    0x0800cfc4   0x0800cfc4   0x000000c0   Data   RO         5130    .constdata          onenet_base64.o
    0x0800d084   0x0800d084   0x00000028   Data   RO         5200    .constdata          c_w.l(_printf_hex_int.o)
    0x0800d0ac   0x0800d0ac   0x00000011   Data   RO         5230    .constdata          c_w.l(__printf_flags_wp.o)
    0x0800d0bd   0x0800d0bd   0x00000003   PAD
    0x0800d0c0   0x0800d0c0   0x00000094   Data   RO         5398    .constdata          c_w.l(bigflt0.o)
    0x0800d154   0x0800d154   0x0000004d   Data   RO          518    .conststring        ch395_demo.o
    0x0800d1a1   0x0800d1a1   0x00000003   PAD
    0x0800d1a4   0x0800d1a4   0x00000047   Data   RO         5153    .conststring        token.o
    0x0800d1eb   0x0800d1eb   0x00000001   PAD
    0x0800d1ec   0x0800d1ec   0x00000020   Data   RO         5518    Region$$Table       anon$$obj.o
    0x0800d20c   0x0800d20c   0x0000001c   Data   RO         5426    locale$$data        c_w.l(lc_numeric_c.o)


    Execution Region RW_IRAM1 (Exec base: 0x20000000, Load base: 0x0800d228, Size: 0x0000be88, Max: 0x00010000, ABSOLUTE)

    Exec Addr    Load Addr    Size         Type   Attr      Idx    E Section Name        Object

    0x20000000   0x0800d228   0x00000004   Data   RW          287    .data               system_stm32f1xx.o
    0x20000004   0x0800d22c   0x00000085   Data   RW          519    .data               ch395_demo.o
    0x20000089   0x0800d2b1   0x00000001   PAD
    0x2000008a   0x0800d2b2   0x00000002   Data   RW          578    .data               delay.o
    0x2000008c   0x0800d2b4   0x00000007   Data   RW          700    .data               usart.o
    0x20000093   0x0800d2bb   0x00000001   PAD
    0x20000094   0x0800d2bc   0x00000009   Data   RW          793    .data               stm32f1xx_hal.o
    0x2000009d   0x0800d2c5   0x00000003   PAD
    0x200000a0   0x0800d2c8   0x00000008   Data   RW         3782    .data               lcd.o
    0x200000a8   0x0800d2d0   0x0000001c   Data   RW         4627    .data               malloc.o
    0x200000c4   0x0800d2ec   0x00000004   Data   RW         4858    .data               mqttpacket.o
    0x200000c8        -       0x000007ff   Zero   RW          517    .bss                ch395_demo.o
    0x200008c7   0x0800d2f0   0x00000001   PAD
    0x200008c8        -       0x00000108   Zero   RW          699    .bss                usart.o
    0x200009d0        -       0x00000056   Zero   RW         3780    .bss                lcd.o
    0x20000a26   0x0800d2f0   0x00000002   PAD
    0x20000a28        -       0x00000058   Zero   RW         4039    .bss                spi.o
    0x20000a80        -       0x00000268   Zero   RW         4461    .bss                ch395.o
    0x20000ce8        -       0x00000048   Zero   RW         4565    .bss                sram.o
    0x20000d30   0x0800d2f0   0x00000010   PAD
    0x20000d40        -       0x0000aa00   Zero   RW         4625    .bss                malloc.o
    0x2000b740        -       0x000000e4   Zero   RW         5244    .bss                c_w.l(rand.o)
    0x2000b824        -       0x00000060   Zero   RW         5438    .bss                c_w.l(libspace.o)
    0x2000b884   0x0800d2f0   0x00000004   PAD
    0x2000b888        -       0x00000200   Zero   RW            2    HEAP                startup_stm32f103xe.o
    0x2000ba88        -       0x00000400   Zero   RW            1    STACK               startup_stm32f103xe.o



  Load Region LR$$.ARM.__AT_0x68000000 (Base: 0x68000000, Size: 0x00000000, Max: 0x000f0c00, ABSOLUTE)

    Execution Region ER$$.ARM.__AT_0x68000000 (Exec base: 0x68000000, Load base: 0x68000000, Size: 0x000f0c00, Max: 0x000f0c00, ABSOLUTE, UNINIT)

    Exec Addr    Load Addr    Size         Type   Attr      Idx    E Section Name        Object

    0x68000000        -       0x000f0c00   Zero   RW         4623    .ARM.__AT_0x68000000  malloc.o



  Load Region LR$$.ARM.__AT_0x680F0C00 (Base: 0x680f0c00, Size: 0x00000000, Max: 0x0000f0c0, ABSOLUTE)

    Execution Region ER$$.ARM.__AT_0x680F0C00 (Exec base: 0x680f0c00, Load base: 0x680f0c00, Size: 0x0000f0c0, Max: 0x0000f0c0, ABSOLUTE, UNINIT)

    Exec Addr    Load Addr    Size         Type   Attr      Idx    E Section Name        Object

    0x680f0c00        -       0x0000f0c0   Zero   RW         4624    .ARM.__AT_0x680F0C00  malloc.o


==============================================================================

Image component sizes


      Code (inc. data)   RO Data    RW Data    ZI Data      Debug   Object Name

      2972        396          0          0        616      12814   ch395.o
      1774        654         77        133       2047       8149   ch395_demo.o
      1658        130          0          0          0      22187   ch395cmd.o
       172         16          0          2          0       2015   delay.o
      1148         30          0          0          0       4500   hmac_sha1.o
       240         14          0          0          0       1115   key.o
     13504        172      12160          8         86      24671   lcd.o
       144         12          0          0          0        967   led.o
        68          0          0          0          0     478474   main.o
       132         18         24         28    1091264       3579   malloc.o
       596         18          0          0          0       4340   mqttconnectclient.o
       168          0          0          0          0       1714   mqttdeserializepublish.o
       636         18          0          4          0      10078   mqttpacket.o
       210          0          0          0          0       1854   mqttserializepublish.o
       368          0          0          0          0       3367   mqttsubscribeclient.o
       688          8        192          0          0       3192   onenet_base64.o
       404         34          0          0         88       3015   spi.o
       452         30          0          0         72       1637   sram.o
        64         26        304          0       1536        956   startup_stm32f103xe.o
       130         24          0          9          0       6129   stm32f1xx_hal.o
       344         22          0          0          0      30277   stm32f1xx_hal_cortex.o
       424         10          0          0          0       1303   stm32f1xx_hal_dma.o
       860         40          0          0          0       3479   stm32f1xx_hal_gpio.o
      1784        110          0          0          0       6304   stm32f1xx_hal_rcc.o
      1224          6          0          0          0       5411   stm32f1xx_hal_spi.o
       102          0          0          0          0       1272   stm32f1xx_hal_sram.o
      1162         10          0          0          0       8135   stm32f1xx_hal_uart.o
        22          0          0          0          0       3223   stm32f1xx_it.o
       254         10          0          0          0       3967   stm32f1xx_ll_fsmc.o
        86          0          0          0          0        747   sys.o
         2          0         24          4          0       1435   system_stm32f1xx.o
       688        164         71          0          0       2191   token.o
       440         56          0          7        264       5641   usart.o

    ----------------------------------------------------------------------
     32958       2028      12890        200    1095992     668138   Object Totals
         0          0         32          0          0          0   (incl. Generated)
        38          0          6          5         19          0   (incl. Padding)

    ----------------------------------------------------------------------

      Code (inc. data)   RO Data    RW Data    ZI Data      Debug   Library Member Name

        24          4          0          0          0         84   __2printf.o
        56          6          0          0          0         88   __2snprintf.o
        44          6          0          0          0         84   __2sprintf.o
         8          0          0          0          0         68   __main.o
       312          4         17          0          0         92   __printf_flags_wp.o
        14          0          0          0          0         68   __printf_wp.o
         0          0          0          0          0          0   __rtentry.o
        12          0          0          0          0          0   __rtentry2.o
         6          0          0          0          0          0   __rtentry4.o
        52          8          0          0          0          0   __scatter.o
        26          0          0          0          0          0   __scatter_copy.o
        28          0          0          0          0          0   __scatter_zi.o
        44          0          0          0          0        108   _printf_char.o
        48          6          0          0          0         96   _printf_char_common.o
        36          4          0          0          0         80   _printf_char_file.o
         6          0          0          0          0          0   _printf_d.o
       120         16          0          0          0         92   _printf_dec.o
         6          0          0          0          0          0   _printf_f.o
      1054          0          0          0          0        216   _printf_fp_dec.o
       128         16          0          0          0         84   _printf_fp_infnan.o
        88          4         40          0          0         88   _printf_hex_int.o
       178          0          0          0          0         88   _printf_intcommon.o
        78          0          0          0          0        108   _printf_pad.o
         0          0          0          0          0          0   _printf_percent.o
         4          0          0          0          0          0   _printf_percent_end.o
         6          0          0          0          0          0   _printf_s.o
        82          0          0          0          0         80   _printf_str.o
         6          0          0          0          0          0   _printf_x.o
        16          0          0          0          0         68   _snputc.o
        10          0          0          0          0         68   _sputc.o
       228          4        148          0          0         96   bigflt0.o
      1936        128          0          0          0        672   btod.o
        18          0          0          0          0         80   exit.o
         8          0          0          0          0         68   ferror.o
         6          0          0          0          0        152   heapauxi.o
        44         10         28          0          0         76   lc_numeric_c.o
         2          0          0          0          0          0   libinit.o
        22          0          0          0          0          0   libinit2.o
         2          0          0          0          0          0   libshutdown.o
         2          0          0          0          0          0   libshutdown2.o
         8          4          0          0         96         68   libspace.o
       138          0          0          0          0         80   lludiv10.o
       112         18          0          0        228        160   rand.o
         8          4          0          0          0         68   rt_locale_intlibspace.o
        68          0          0          0          0         68   rt_memclr.o
        78          0          0          0          0         80   rt_memclr_w.o
       138          0          0          0          0         68   rt_memcpy_v6.o
       100          0          0          0          0         80   rt_memcpy_w.o
         2          0          0          0          0          0   rtexit.o
        10          0          0          0          0          0   rtexit2.o
        24          0          0          0          0         68   strcat.o
       128          0          0          0          0         68   strcmpv7m.o
        72          0          0          0          0         80   strcpy.o
        62          0          0          0          0         76   strlen.o
        74          0          0          0          0         80   sys_stackheap_outer.o
         2          0          0          0          0         68   use_no_semi.o
         2          0          0          0          0         68   use_no_semi_2.o
        98          4          0          0          0         92   d2f.o
       804         16          0          0          0        272   daddsub_clz.o
        90          4          0          0          0         92   dfixu.o
        84          0          0          0          0        136   dflt_clz.o
       340         12          0          0          0        104   dmul.o
       156          4          0          0          0         92   dnaninf.o
        12          0          0          0          0         68   dretinf.o
        86          4          0          0          0         84   f2d.o
        48          0          0          0          0         68   fflt_clz.o
       140          4          0          0          0         84   fnaninf.o
        10          0          0          0          0         68   fretinf.o
         4          0          0          0          0         68   printf1.o
         0          0          0          0          0          0   usenofp.o
        40          0          0          0          0         68   fpclassify.o

    ----------------------------------------------------------------------
      7716        290        236          0        328       5280   Library Totals
        18          0          3          0          4          0   (incl. Padding)

    ----------------------------------------------------------------------

      Code (inc. data)   RO Data    RW Data    ZI Data      Debug   Library Name

      5786        242        233          0        324       3984   c_w.l
      1872         48          0          0          0       1228   fz_ws.l
        40          0          0          0          0         68   m_ws.l

    ----------------------------------------------------------------------
      7716        290        236          0        328       5280   Library Totals

    ----------------------------------------------------------------------

==============================================================================


      Code (inc. data)   RO Data    RW Data    ZI Data      Debug   

     40674       2318      13126        200    1096320     661298   Grand Totals
     40674       2318      13126        200    1096320     661298   ELF Image Totals
     40674       2318      13126        200          0          0   ROM Totals

==============================================================================

    Total RO  Size (Code + RO Data)                53800 (  52.54kB)
    Total RW  Size (RW Data + ZI Data)           1096520 (1070.82kB)
    Total ROM Size (Code + RO Data + RW Data)      54000 (  52.73kB)

==============================================================================

