<html>
<body>
<pre>
<h1>礦ision Build Log</h1>
<h2>Tool Versions:</h2>
IDE-Version: μVision V5.25.3.0
Copyright (C) 2018 ARM Ltd and ARM Germany GmbH. All rights reserved.
License Information: 1 hjk13686019176@163.com, 1, LIC=QF82M-XZYI7-56YQ2-9QN8I-NP01I-QXZ5M
 
Tool Versions:
Toolchain:       MDK-ARM Plus  Version: 5.24.1
Toolchain Path:  F:\ARM\ARMCC\Bin
C Compiler:      Armcc.exe V5.06 update 5 (build 528)
Assembler:       Armasm.exe V5.06 update 5 (build 528)
Linker/Locator:  ArmLink.exe V5.06 update 5 (build 528)
Library Manager: ArmAr.exe V5.06 update 5 (build 528)
Hex Converter:   FromElf.exe V5.06 update 5 (build 528)
CPU DLL:         SARMCM3.DLL V5.24.1
Dialog DLL:      DCM.DLL V1.16.0.0
Target DLL:      CMSIS_AGDI.dll V1.28.3.0
Dialog DLL:      TCM.DLL V1.32.0.0
 
<h2>Project:</h2>
C:\Users\hjk13\Desktop\MQTTl例程\网络实验7 CH395_OneNET_MQTT实验\Projects\MDK-ARM\atk_f103.uvprojx
Project File Date:  09/12/2024

<h2>Output:</h2>
*** Using Compiler 'V5.06 update 5 (build 528)', folder: 'F:\ARM\ARMCC\Bin'
Rebuild target 'CH395Q'
assembling startup_stm32f103xe.s...
compiling stm32f1xx_hal_gpio_ex.c...
compiling stm32f1xx_hal_pwr.c...
compiling stm32f1xx_hal_cortex.c...
compiling stm32f1xx_it.c...
compiling sys.c...
compiling stm32f1xx_hal.c...
compiling system_stm32f1xx.c...
compiling usart.c...
compiling stm32f1xx_hal_gpio.c...
compiling ch395_demo.c...
compiling delay.c...
compiling main.c...
compiling stm32f1xx_hal_dma.c...
compiling stm32f1xx_ll_fsmc.c...
compiling stm32f1xx_hal_sram.c...
compiling spi.c...
compiling stm32f1xx_hal_rcc_ex.c...
compiling key.c...
compiling stm32f1xx_hal_rcc.c...
compiling led.c...
compiling MQTTConnectClient.c...
compiling stm32f1xx_hal_usart.c...
compiling stm32f1xx_hal_uart.c...
compiling stm32f1xx_hal_tim_ex.c...
compiling MQTTConnectServer.c...
compiling MQTTDeserializePublish.c...
compiling lcd.c...
compiling MQTTFormat.c...
compiling stm32f1xx_hal_spi.c...
compiling MQTTPacket.c...
compiling MQTTSerializePublish.c...
compiling MQTTSubscribeClient.c...
compiling MQTTSubscribeServer.c...
compiling MQTTUnsubscribeClient.c...
compiling MQTTUnsubscribeServer.c...
compiling hmac_sha1.c...
compiling onenet_base64.c...
compiling token.c...
compiling stm32f1xx_hal_tim.c...
compiling sram.c...
compiling malloc.c...
compiling ch395.c...
compiling ch395cmd.c...
linking...
Program Size: Code=40674 RO-data=13126 RW-data=200 ZI-data=1096320  
FromELF: creating hex file...
"..\..\Output\atk_f103.axf" - 0 Error(s), 0 Warning(s).

<h2>Software Packages used:</h2>

Package Vendor: Keil
                http://www.keil.com/pack/Keil.STM32F1xx_DFP.2.2.0.pack
                Keil.STM32F1xx_DFP.2.2.0
                STMicroelectronics STM32F1 Series Device Support, Drivers and Examples

<h2>Collection of Component include folders:</h2>
  .\RTE\_CH395Q
  F:\ARM\PACK\Keil\STM32F1xx_DFP\2.2.0\Device\Include

<h2>Collection of Component Files used:</h2>
Build Time Elapsed:  00:00:06
</pre>
</body>
</html>
